Component: ARM Compiler 5.06 update 1 (build 61) Tool: armlink [4d35a8]

==============================================================================

Section Cross References

    main.o(i.EXTI15_10_IRQHandler) refers to stm32f7xx_hal_gpio.o(i.HAL_GPIO_EXTI_IRQHandler) for HAL_GPIO_EXTI_IRQHandler
    main.o(i.HAL_GPIO_EXTI_Callback) refers to main.o(.data) for .data
    main.o(i.HAL_GetTick) refers to rt_time.o(.data) for os_time
    main.o(i.MX_ADC_Init) refers to stm32f7xx_hal_adc.o(i.HAL_ADC_Init) for HAL_ADC_Init
    main.o(i.MX_ADC_Init) refers to main.o(.bss) for .bss
    main.o(i.MX_GPIO_Init) refers to rt_memclr_w.o(.text) for __aeabi_memclr4
    main.o(i.MX_GPIO_Init) refers to stm32f7xx_hal_gpio.o(i.HAL_GPIO_Init) for HAL_GPIO_Init
    main.o(i.MX_GPIO_Init) refers to stm32f7xx_hal_gpio.o(i.HAL_GPIO_WritePin) for HAL_GPIO_WritePin
    main.o(i.MX_GPIO_Init) refers to stm32f7xx_hal_cortex.o(i.HAL_NVIC_SetPriority) for HAL_NVIC_SetPriority
    main.o(i.MX_GPIO_Init) refers to stm32f7xx_hal_cortex.o(i.HAL_NVIC_EnableIRQ) for HAL_NVIC_EnableIRQ
    main.o(i.SystemClock_Config) refers to stm32f7xx_hal_rcc.o(i.HAL_RCC_OscConfig) for HAL_RCC_OscConfig
    main.o(i.SystemClock_Config) refers to stm32f7xx_hal_rcc.o(i.HAL_RCC_ClockConfig) for HAL_RCC_ClockConfig
    main.o(i.init_config) refers to stm32f7xx_hal.o(i.HAL_Init) for HAL_Init
    main.o(i.init_config) refers to main.o(i.SystemClock_Config) for SystemClock_Config
    main.o(i.init_config) refers to main.o(i.MX_GPIO_Init) for MX_GPIO_Init
    main.o(i.init_config) refers to main.o(i.MX_ADC_Init) for MX_ADC_Init
    main.o(i.init_config) refers to glcd_746g_discovery.o(i.GLCD_Initialize) for GLCD_Initialize
    main.o(i.init_config) refers to touch_746g_discovery.o(i.Touch_Initialize) for Touch_Initialize
    main.o(i.init_config) refers to glcd_746g_discovery.o(i.GLCD_ClearScreen) for GLCD_ClearScreen
    main.o(i.init_config) refers to glcd_746g_discovery.o(i.GLCD_SetFont) for GLCD_SetFont
    main.o(i.init_config) refers to glcd_746g_discovery.o(i.GLCD_SetBackgroundColor) for GLCD_SetBackgroundColor
    main.o(i.init_config) refers to glcd_746g_discovery.o(i.GLCD_SetForegroundColor) for GLCD_SetForegroundColor
    main.o(i.init_config) refers to glcd_fonts.o(.constdata) for GLCD_Font_16x24
    main.o(i.main) refers to main.o(i.init_config) for init_config
    main.o(i.main) refers to glcd.o(i.GLCDLogic) for GLCDLogic
    dht.o(i.DHT_Check_Response) refers to dht.o(i.DWT_Delay_us) for DWT_Delay_us
    dht.o(i.DHT_Check_Response) refers to stm32f7xx_hal_gpio.o(i.HAL_GPIO_ReadPin) for HAL_GPIO_ReadPin
    dht.o(i.DHT_GetData) refers to dht.o(i.DHT_Start) for DHT_Start
    dht.o(i.DHT_GetData) refers to dht.o(i.DHT_Check_Response) for DHT_Check_Response
    dht.o(i.DHT_GetData) refers to dht.o(i.DHT_Read) for DHT_Read
    dht.o(i.DHT_GetData) refers to dht.o(.data) for .data
    dht.o(i.DHT_Read) refers to stm32f7xx_hal_gpio.o(i.HAL_GPIO_ReadPin) for HAL_GPIO_ReadPin
    dht.o(i.DHT_Read) refers to dht.o(i.DWT_Delay_us) for DWT_Delay_us
    dht.o(i.DHT_Start) refers to dht.o(i.DWT_Delay_Init) for DWT_Delay_Init
    dht.o(i.DHT_Start) refers to dht.o(i.Set_Pin_Output) for Set_Pin_Output
    dht.o(i.DHT_Start) refers to stm32f7xx_hal_gpio.o(i.HAL_GPIO_WritePin) for HAL_GPIO_WritePin
    dht.o(i.DHT_Start) refers to dht.o(i.DWT_Delay_us) for DWT_Delay_us
    dht.o(i.DHT_Start) refers to dht.o(i.Set_Pin_Input) for Set_Pin_Input
    dht.o(i.DWT_Delay_us) refers to stm32f7xx_hal_rcc.o(i.HAL_RCC_GetHCLKFreq) for HAL_RCC_GetHCLKFreq
    dht.o(i.Set_Pin_Input) refers to rt_memclr_w.o(.text) for __aeabi_memclr4
    dht.o(i.Set_Pin_Input) refers to stm32f7xx_hal_gpio.o(i.HAL_GPIO_Init) for HAL_GPIO_Init
    dht.o(i.Set_Pin_Output) refers to rt_memclr_w.o(.text) for __aeabi_memclr4
    dht.o(i.Set_Pin_Output) refers to stm32f7xx_hal_gpio.o(i.HAL_GPIO_Init) for HAL_GPIO_Init
    moisture.o(i.Moisture_GetData) refers to moisture.o(i.readMoisturePercent) for readMoisturePercent
    moisture.o(i.readMoisture) refers to stm32f7xx_hal_adc.o(i.HAL_ADC_ConfigChannel) for HAL_ADC_ConfigChannel
    moisture.o(i.readMoisture) refers to stm32f7xx_hal_adc.o(i.HAL_ADC_Start) for HAL_ADC_Start
    moisture.o(i.readMoisture) refers to stm32f7xx_hal_adc.o(i.HAL_ADC_PollForConversion) for HAL_ADC_PollForConversion
    moisture.o(i.readMoisture) refers to stm32f7xx_hal_adc.o(i.HAL_ADC_GetValue) for HAL_ADC_GetValue
    moisture.o(i.readMoisture) refers to main.o(.bss) for hadc1
    moisture.o(i.readMoisturePercent) refers to moisture.o(i.readMoisture) for readMoisture
    moisture.o(i.readMoisturePercent) refers to moisture.o(i.map) for map
    mq135.o(i.MQ_GetData) refers to mq135.o(i.getMQ135PPM) for getMQ135PPM
    mq135.o(i.getMQ135PPM) refers to mq135.o(i.getMQ135Resistance) for getMQ135Resistance
    mq135.o(i.getMQ135PPM) refers to f2d.o(x$fpl$f2d) for __aeabi_f2d
    mq135.o(i.getMQ135PPM) refers to mq135.o(i.my_pow) for my_pow
[...]
    __rt_lib_init_rand_1                     0x08000259   Thumb Code     0  libinit2.o(.ARM.Collect$$libinit$$0000000E)
    __rt_lib_init_return                     0x08000259   Thumb Code     0  libinit2.o(.ARM.Collect$$libinit$$00000033)
    __rt_lib_init_signal_1                   0x08000259   Thumb Code     0  libinit2.o(.ARM.Collect$$libinit$$0000001D)
    __rt_lib_init_stdio_1                    0x08000259   Thumb Code     0  libinit2.o(.ARM.Collect$$libinit$$00000025)
    __rt_lib_init_user_alloc_1               0x08000259   Thumb Code     0  libinit2.o(.ARM.Collect$$libinit$$0000000C)
    __rt_lib_shutdown                        0x0800025b   Thumb Code     0  libshutdown.o(.ARM.Collect$$libshutdown$$00000000)
    __rt_lib_shutdown_cpp_1                  0x0800025d   Thumb Code     0  libshutdown2.o(.ARM.Collect$$libshutdown$$00000002)
    __rt_lib_shutdown_fp_trap_1              0x0800025d   Thumb Code     0  libshutdown2.o(.ARM.Collect$$libshutdown$$00000007)
    __rt_lib_shutdown_heap_1                 0x0800025d   Thumb Code     0  libshutdown2.o(.ARM.Collect$$libshutdown$$0000000F)
    __rt_lib_shutdown_return                 0x0800025d   Thumb Code     0  libshutdown2.o(.ARM.Collect$$libshutdown$$00000010)
    __rt_lib_shutdown_signal_1               0x0800025d   Thumb Code     0  libshutdown2.o(.ARM.Collect$$libshutdown$$0000000A)
    __rt_lib_shutdown_stdio_1                0x0800025d   Thumb Code     0  libshutdown2.o(.ARM.Collect$$libshutdown$$00000004)
    __rt_lib_shutdown_user_alloc_1           0x0800025d   Thumb Code     0  libshutdown2.o(.ARM.Collect$$libshutdown$$0000000C)
    __rt_entry                               0x0800025f   Thumb Code     0  __rtentry.o(.ARM.Collect$$rtentry$$00000000)
    __rt_entry_presh_1                       0x0800025f   Thumb Code     0  __rtentry2.o(.ARM.Collect$$rtentry$$00000002)
    __rt_entry_sh                            0x0800025f   Thumb Code     0  __rtentry4.o(.ARM.Collect$$rtentry$$00000004)
    __rt_entry_li                            0x08000265   Thumb Code     0  __rtentry2.o(.ARM.Collect$$rtentry$$0000000A)
    __rt_entry_postsh_1                      0x08000265   Thumb Code     0  __rtentry2.o(.ARM.Collect$$rtentry$$00000009)
    __rt_entry_postli_1                      0x08000269   Thumb Code     0  __rtentry2.o(.ARM.Collect$$rtentry$$0000000B)
    __rt_entry_main                          0x08000271   Thumb Code     0  __rtentry2.o(.ARM.Collect$$rtentry$$0000000D)
    __rt_exit                                0x08000279   Thumb Code     0  rtexit.o(.ARM.Collect$$rtexit$$00000000)
    __rt_exit_ls                             0x0800027b   Thumb Code     0  rtexit2.o(.ARM.Collect$$rtexit$$00000003)
    __rt_exit_prels_1                        0x0800027b   Thumb Code     0  rtexit2.o(.ARM.Collect$$rtexit$$00000002)
    __rt_exit_exit                           0x0800027f   Thumb Code     0  rtexit2.o(.ARM.Collect$$rtexit$$00000004)
    _platform_post_lib_init                  0x08000285   Thumb Code    24  rtx_conf_cm.o(.emb_text)
    rt_set_PSP                               0x080002a1   Thumb Code     6  hal_cm4.o(.emb_text)
    rt_get_PSP                               0x080002a7   Thumb Code     6  hal_cm4.o(.emb_text)
    os_set_env                               0x080002ad   Thumb Code    24  hal_cm4.o(.emb_text)
    _alloc_box                               0x080002c9   Thumb Code    28  hal_cm4.o(.emb_text)
    _free_box                                0x080002e9   Thumb Code    28  hal_cm4.o(.emb_text)
    SVC_Handler                              0x08000309   Thumb Code   168  hal_cm4.o(.emb_text)
    PendSV_Handler                           0x080003c1   Thumb Code    96  hal_cm4.o(.emb_text)
    SysTick_Handler                          0x08000425   Thumb Code     8  hal_cm4.o(.emb_text)
    OS_Tick_Handler                          0x0800042d   Thumb Code    12  hal_cm4.o(.emb_text)
    Reset_Handler                            0x08000439   Thumb Code     8  startup_stm32f746xx.o(.text)
    NMI_Handler                              0x08000441   Thumb Code     2  startup_stm32f746xx.o(.text)
    HardFault_Handler                        0x08000443   Thumb Code     2  startup_stm32f746xx.o(.text)
    MemManage_Handler                        0x08000445   Thumb Code     2  startup_stm32f746xx.o(.text)
    BusFault_Handler                         0x08000447   Thumb Code     2  startup_stm32f746xx.o(.text)
    UsageFault_Handler                       0x08000449   Thumb Code     2  startup_stm32f746xx.o(.text)
    DebugMon_Handler                         0x0800044d   Thumb Code     2  startup_stm32f746xx.o(.text)
    ADC_IRQHandler                           0x08000453   Thumb Code     0  startup_stm32f746xx.o(.text)
    CAN1_RX0_IRQHandler                      0x08000453   Thumb Code     0  startup_stm32f746xx.o(.text)
    CAN1_RX1_IRQHandler                      0x08000453   Thumb Code     0  startup_stm32f746xx.o(.text)
    CAN1_SCE_IRQHandler                      0x08000453   Thumb Code     0  startup_stm32f746xx.o(.text)
    CAN1_TX_IRQHandler                       0x08000453   Thumb Code     0  startup_stm32f746xx.o(.text)
    CAN2_RX0_IRQHandler                      0x08000453   Thumb Code     0  startup_stm32f746xx.o(.text)
    CAN2_RX1_IRQHandler                      0x08000453   Thumb Code     0  startup_stm32f746xx.o(.text)
    CAN2_SCE_IRQHandler                      0x08000453   Thumb Code     0  startup_stm32f746xx.o(.text)
    CAN2_TX_IRQHandler                       0x08000453   Thumb Code     0  startup_stm32f746xx.o(.text)
    CEC_IRQHandler                           0x08000453   Thumb Code     0  startup_stm32f746xx.o(.text)
    DCMI_IRQHandler                          0x08000453   Thumb Code     0  startup_stm32f746xx.o(.text)
    DMA1_Stream0_IRQHandler                  0x08000453   Thumb Code     0  startup_stm32f746xx.o(.text)
    DMA1_Stream1_IRQHandler                  0x08000453   Thumb Code     0  startup_stm32f746xx.o(.text)
    DMA1_Stream2_IRQHandler                  0x08000453   Thumb Code     0  startup_stm32f746xx.o(.text)
    DMA1_Stream3_IRQHandler                  0x08000453   Thumb Code     0  startup_stm32f746xx.o(.text)
    DMA1_Stream4_IRQHandler                  0x08000453   Thumb Code     0  startup_stm32f746xx.o(.text)
    DMA1_Stream5_IRQHandler                  0x08000453   Thumb Code     0  startup_stm32f746xx.o(.text)
    DMA1_Stream6_IRQHandler                  0x08000453   Thumb Code     0  startup_stm32f746xx.o(.text)
    DMA1_Stream7_IRQHandler                  0x08000453   Thumb Code     0  startup_stm32f746xx.o(.text)
    DMA2D_IRQHandler                         0x08000453   Thumb Code     0  startup_stm32f746xx.o(.text)
    DMA2_Stream0_IRQHandler                  0x08000453   Thumb Code     0  startup_stm32f746xx.o(.text)
    DMA2_Stream1_IRQHandler                  0x08000453   Thumb Code     0  startup_stm32f746xx.o(.text)
    DMA2_Stream2_IRQHandler                  0x08000453   Thumb Code     0  startup_stm32f746xx.o(.text)
    DMA2_Stream3_IRQHandler                  0x08000453   Thumb Code     0  startup_stm32f746xx.o(.text)
    DMA2_Stream4_IRQHandler                  0x08000453   Thumb Code     0  startup_stm32f746xx.o(.text)
    DMA2_Stream5_IRQHandler                  0x08000453   Thumb Code     0  startup_stm32f746xx.o(.text)
    DMA2_Stream6_IRQHandler                  0x08000453   Thumb Code     0  startup_stm32f746xx.o(.text)
    DMA2_Stream7_IRQHandler                  0x08000453   Thumb Code     0  startup_stm32f746xx.o(.text)
    ETH_IRQHandler                           0x08000453   Thumb Code     0  startup_stm32f746xx.o(.text)
    ETH_WKUP_IRQHandler                      0x08000453   Thumb Code     0  startup_stm32f746xx.o(.text)
    EXTI0_IRQHandler                         0x08000453   Thumb Code     0  startup_stm32f746xx.o(.text)
    EXTI1_IRQHandler                         0x08000453   Thumb Code     0  startup_stm32f746xx.o(.text)
    EXTI2_IRQHandler                         0x08000453   Thumb Code     0  startup_stm32f746xx.o(.text)
    EXTI3_IRQHandler                         0x08000453   Thumb Code     0  startup_stm32f746xx.o(.text)
    EXTI4_IRQHandler                         0x08000453   Thumb Code     0  startup_stm32f746xx.o(.text)
    EXTI9_5_IRQHandler                       0x08000453   Thumb Code     0  startup_stm32f746xx.o(.text)
    FLASH_IRQHandler                         0x08000453   Thumb Code     0  startup_stm32f746xx.o(.text)
    FMC_IRQHandler                           0x08000453   Thumb Code     0  startup_stm32f746xx.o(.text)
    FPU_IRQHandler                           0x08000453   Thumb Code     0  startup_stm32f746xx.o(.text)
    I2C1_ER_IRQHandler                       0x08000453   Thumb Code     0  startup_stm32f746xx.o(.text)
    I2C1_EV_IRQHandler                       0x08000453   Thumb Code     0  startup_stm32f746xx.o(.text)
    I2C2_ER_IRQHandler                       0x08000453   Thumb Code     0  startup_stm32f746xx.o(.text)
    I2C2_EV_IRQHandler                       0x08000453   Thumb Code     0  startup_stm32f746xx.o(.text)
    I2C3_ER_IRQHandler                       0x08000453   Thumb Code     0  startup_stm32f746xx.o(.text)
    I2C3_EV_IRQHandler                       0x08000453   Thumb Code     0  startup_stm32f746xx.o(.text)
    I2C4_ER_IRQHandler                       0x08000453   Thumb Code     0  startup_stm32f746xx.o(.text)
    I2C4_EV_IRQHandler                       0x08000453   Thumb Code     0  startup_stm32f746xx.o(.text)
    LPTIM1_IRQHandler                        0x08000453   Thumb Code     0  startup_stm32f746xx.o(.text)
    LTDC_ER_IRQHandler                       0x08000453   Thumb Code     0  startup_stm32f746xx.o(.text)
    LTDC_IRQHandler                          0x08000453   Thumb Code     0  startup_stm32f746xx.o(.text)
    OTG_FS_IRQHandler                        0x08000453   Thumb Code     0  startup_stm32f746xx.o(.text)
    OTG_FS_WKUP_IRQHandler                   0x08000453   Thumb Code     0  startup_stm32f746xx.o(.text)
    OTG_HS_EP1_IN_IRQHandler                 0x08000453   Thumb Code     0  startup_stm32f746xx.o(.text)
    OTG_HS_EP1_OUT_IRQHandler                0x08000453   Thumb Code     0  startup_stm32f746xx.o(.text)
    OTG_HS_IRQHandler                        0x08000453   Thumb Code     0  startup_stm32f746xx.o(.text)
    OTG_HS_WKUP_IRQHandler                   0x08000453   Thumb Code     0  startup_stm32f746xx.o(.text)
    PVD_IRQHandler                           0x08000453   Thumb Code     0  startup_stm32f746xx.o(.text)
    QUADSPI_IRQHandler                       0x08000453   Thumb Code     0  startup_stm32f746xx.o(.text)
    RCC_IRQHandler                           0x08000453   Thumb Code     0  startup_stm32f746xx.o(.text)
    RNG_IRQHandler                           0x08000453   Thumb Code     0  startup_stm32f746xx.o(.text)
    RTC_Alarm_IRQHandler                     0x08000453   Thumb Code     0  startup_stm32f746xx.o(.text)
    RTC_WKUP_IRQHandler                      0x08000453   Thumb Code     0  startup_stm32f746xx.o(.text)
    SAI1_IRQHandler                          0x08000453   Thumb Code     0  startup_stm32f746xx.o(.text)
    SAI2_IRQHandler                          0x08000453   Thumb Code     0  startup_stm32f746xx.o(.text)
    SDMMC1_IRQHandler                        0x08000453   Thumb Code     0  startup_stm32f746xx.o(.text)
    SPDIF_RX_IRQHandler                      0x08000453   Thumb Code     0  startup_stm32f746xx.o(.text)
    SPI1_IRQHandler                          0x08000453   Thumb Code     0  startup_stm32f746xx.o(.text)
    SPI2_IRQHandler                          0x08000453   Thumb Code     0  startup_stm32f746xx.o(.text)
    SPI3_IRQHandler                          0x08000453   Thumb Code     0  startup_stm32f746xx.o(.text)
    SPI4_IRQHandler                          0x08000453   Thumb Code     0  startup_stm32f746xx.o(.text)
    SPI5_IRQHandler                          0x08000453   Thumb Code     0  startup_stm32f746xx.o(.text)
    SPI6_IRQHandler                          0x08000453   Thumb Code     0  startup_stm32f746xx.o(.text)
    TAMP_STAMP_IRQHandler                    0x08000453   Thumb Code     0  startup_stm32f746xx.o(.text)
    TIM1_BRK_TIM9_IRQHandler                 0x08000453   Thumb Code     0  startup_stm32f746xx.o(.text)
    TIM1_CC_IRQHandler                       0x08000453   Thumb Code     0  startup_stm32f746xx.o(.text)
    TIM1_TRG_COM_TIM11_IRQHandler            0x08000453   Thumb Code     0  startup_stm32f746xx.o(.text)
    TIM1_UP_TIM10_IRQHandler                 0x08000453   Thumb Code     0  startup_stm32f746xx.o(.text)
    TIM2_IRQHandler                          0x08000453   Thumb Code     0  startup_stm32f746xx.o(.text)
    TIM3_IRQHandler                          0x08000453   Thumb Code     0  startup_stm32f746xx.o(.text)
    TIM4_IRQHandler                          0x08000453   Thumb Code     0  startup_stm32f746xx.o(.text)
    TIM5_IRQHandler                          0x08000453   Thumb Code     0  startup_stm32f746xx.o(.text)
    TIM6_DAC_IRQHandler                      0x08000453   Thumb Code     0  startup_stm32f746xx.o(.text)
    TIM7_IRQHandler                          0x08000453   Thumb Code     0  startup_stm32f746xx.o(.text)
    TIM8_BRK_TIM12_IRQHandler                0x08000453   Thumb Code     0  startup_stm32f746xx.o(.text)
    TIM8_CC_IRQHandler                       0x08000453   Thumb Code     0  startup_stm32f746xx.o(.text)
    TIM8_TRG_COM_TIM14_IRQHandler            0x08000453   Thumb Code     0  startup_stm32f746xx.o(.text)
    TIM8_UP_TIM13_IRQHandler                 0x08000453   Thumb Code     0  startup_stm32f746xx.o(.text)
    UART4_IRQHandler                         0x08000453   Thumb Code     0  startup_stm32f746xx.o(.text)
    UART5_IRQHandler                         0x08000453   Thumb Code     0  startup_stm32f746xx.o(.text)
    UART7_IRQHandler                         0x08000453   Thumb Code     0  startup_stm32f746xx.o(.text)
    UART8_IRQHandler                         0x08000453   Thumb Code     0  startup_stm32f746xx.o(.text)
    USART1_IRQHandler                        0x08000453   Thumb Code     0  startup_stm32f746xx.o(.text)
    USART2_IRQHandler                        0x08000453   Thumb Code     0  startup_stm32f746xx.o(.text)
    USART3_IRQHandler                        0x08000453   Thumb Code     0  startup_stm32f746xx.o(.text)
    USART6_IRQHandler                        0x08000453   Thumb Code     0  startup_stm32f746xx.o(.text)
    WWDG_IRQHandler                          0x08000453   Thumb Code     0  startup_stm32f746xx.o(.text)
    __user_initial_stackheap                 0x08000455   Thumb Code     0  startup_stm32f746xx.o(.text)
    __user_libspace                          0x08000479   Thumb Code     8  libspace.o(.text)
    __user_perproc_libspace                  0x08000479   Thumb Code     0  libspace.o(.text)
    __aeabi_uldivmod                         0x08000481   Thumb Code     0  lludivv7m.o(.text)
    _ll_udiv                                 0x08000481   Thumb Code   238  lludivv7m.o(.text)
    __2sprintf                               0x08000571   Thumb Code    34  noretval__2sprintf.o(.text)
    _printf_pre_padding                      0x08000599   Thumb Code    44  _printf_pad.o(.text)
    _printf_post_padding                     0x080005c5   Thumb Code    34  _printf_pad.o(.text)
    _printf_str                              0x080005e7   Thumb Code    82  _printf_str.o(.text)
    _printf_int_dec                          0x08000639   Thumb Code   104  _printf_dec.o(.text)
    __printf                                 0x080006b1   Thumb Code   308  __printf_flags_wp.o(.text)
    exit                                     0x080007e9   Thumb Code    18  exit.o(.text)
    strcpy                                   0x080007fb   Thumb Code    72  strcpy.o(.text)
    strncmp                                  0x08000843   Thumb Code   150  strncmp.o(.text)
    __aeabi_memcpy4                          0x080008d9   Thumb Code     0  rt_memcpy_w.o(.text)
    __aeabi_memcpy8                          0x080008d9   Thumb Code     0  rt_memcpy_w.o(.text)
    __rt_memcpy_w                            0x080008d9   Thumb Code   100  rt_memcpy_w.o(.text)
    _memcpy_lastbytes_aligned                0x08000921   Thumb Code     0  rt_memcpy_w.o(.text)
    __aeabi_memclr4                          0x0800093d   Thumb Code     0  rt_memclr_w.o(.text)
    __aeabi_memclr8                          0x0800093d   Thumb Code     0  rt_memclr_w.o(.text)
    __rt_memclr_w                            0x0800093d   Thumb Code    78  rt_memclr_w.o(.text)
    _memset_w                                0x08000941   Thumb Code     0  rt_memclr_w.o(.text)
    __use_two_region_memory                  0x0800098b   Thumb Code     2  heapauxi.o(.text)
    __rt_heap_escrow$2region                 0x0800098d   Thumb Code     2  heapauxi.o(.text)
    __rt_heap_expand$2region                 0x0800098f   Thumb Code     2  heapauxi.o(.text)
    _printf_int_common                       0x08000991   Thumb Code   178  _printf_intcommon.o(.text)
    _printf_char_common                      0x08000a4f   Thumb Code    32  _printf_char_common.o(.text)
    _sputc                                   0x08000a75   Thumb Code    10  _sputc.o(.text)
    _printf_cs_common                        0x08000a7f   Thumb Code    20  _printf_char.o(.text)
    _printf_char                             0x08000a93   Thumb Code    16  _printf_char.o(.text)
    _printf_string                           0x08000aa3   Thumb Code     8  _printf_char.o(.text)
    _sys_exit                                0x08000aad   Thumb Code     8  sys_exit.o(.text)
    __user_setup_stackheap                   0x08000ab9   Thumb Code    74  sys_stackheap_outer.o(.text)
    __I$use$semihosting                      0x08000b03   Thumb Code     0  use_no_semi.o(.text)
    __use_no_semihosting_swi                 0x08000b03   Thumb Code     2  use_no_semi.o(.text)
    SVC_Count                                0x08000b04   Data           4  svc_table.o(SVC_TABLE)
    __semihosting_library_function           0x08000b05   Thumb Code     0  indicate_semi.o(.text)
    SVC_Table                                0x08000b08   Data           0  svc_table.o(SVC_TABLE)
    BSP_SDRAM_Init                           0x08000c3d   Thumb Code   108  stm32746g_discovery_sdram.o(i.BSP_SDRAM_Init)
    BSP_SDRAM_Initialization_sequence        0x08000cb5   Thumb Code   134  stm32746g_discovery_sdram.o(i.BSP_SDRAM_Initialization_sequence)
    BSP_SDRAM_MspInit                        0x08000d41   Thumb Code   322  stm32746g_discovery_sdram.o(i.BSP_SDRAM_MspInit)
    BSP_TS_GetState                          0x08000ea9   Thumb Code   360  stm32746g_discovery_ts.o(i.BSP_TS_GetState)
    BSP_TS_Get_GestureId                     0x08001019   Thumb Code    88  stm32746g_discovery_ts.o(i.BSP_TS_Get_GestureId)
    BSP_TS_Init                              0x08001075   Thumb Code    50  stm32746g_discovery_ts.o(i.BSP_TS_Init)
    DHT_Check_Response                       0x080010b1   Thumb Code    60  dht.o(i.DHT_Check_Response)
    DHT_GetData                              0x080010f1   Thumb Code    72  dht.o(i.DHT_GetData)
    DHT_Read                                 0x0800113d   Thumb Code    88  dht.o(i.DHT_Read)
    DHT_Start                                0x08001199   Thumb Code    62  dht.o(i.DHT_Start)
    DWT_Delay_Init                           0x08001259   Thumb Code    58  dht.o(i.DWT_Delay_Init)
    EXTI15_10_IRQHandler                     0x080012c9   Thumb Code     8  main.o(i.EXTI15_10_IRQHandler)
    FMC_SDRAM_Init                           0x080012d1   Thumb Code    94  stm32f7xx_ll_fmc.o(i.FMC_SDRAM_Init)
    FMC_SDRAM_ProgramRefreshRate             0x0800132f   Thumb Code    12  stm32f7xx_ll_fmc.o(i.FMC_SDRAM_ProgramRefreshRate)
    FMC_SDRAM_SendCommand                    0x0800133b   Thumb Code    32  stm32f7xx_ll_fmc.o(i.FMC_SDRAM_SendCommand)
    FMC_SDRAM_Timing_Init                    0x0800135d   Thumb Code   134  stm32f7xx_ll_fmc.o(i.FMC_SDRAM_Timing_Init)
    GLCDLogic                                0x080013e9   Thumb Code   176  glcd.o(i.GLCDLogic)
    GLCD_ClearScreen                         0x0800149d   Thumb Code    26  glcd_746g_discovery.o(i.GLCD_ClearScreen)
    GLCD_DrawChar                            0x080014c1   Thumb Code   142  glcd_746g_discovery.o(i.GLCD_DrawChar)
    GLCD_DrawHLine                           0x08001559   Thumb Code    34  glcd_746g_discovery.o(i.GLCD_DrawHLine)
    GLCD_DrawRectangle                       0x08001585   Thumb Code    48  glcd_746g_discovery.o(i.GLCD_DrawRectangle)
    GLCD_DrawString                          0x080015b5   Thumb Code    38  glcd_746g_discovery.o(i.GLCD_DrawString)
    GLCD_DrawVLine                           0x080015e1   Thumb Code    36  glcd_746g_discovery.o(i.GLCD_DrawVLine)
    GLCD_Initialize                          0x0800160d   Thumb Code   420  glcd_746g_discovery.o(i.GLCD_Initialize)
    GLCD_SetBackgroundColor                  0x080017d1   Thumb Code     8  glcd_746g_discovery.o(i.GLCD_SetBackgroundColor)
    GLCD_SetFont                             0x080017dd   Thumb Code     8  glcd_746g_discovery.o(i.GLCD_SetFont)
    GLCD_SetForegroundColor                  0x080017e9   Thumb Code     8  glcd_746g_discovery.o(i.GLCD_SetForegroundColor)
    HAL_ADC_ConfigChannel                    0x080017f5   Thumb Code   338  stm32f7xx_hal_adc.o(i.HAL_ADC_ConfigChannel)
    HAL_ADC_GetValue                         0x08001959   Thumb Code     6  stm32f7xx_hal_adc.o(i.HAL_ADC_GetValue)
    HAL_ADC_Init                             0x0800195f   Thumb Code    84  stm32f7xx_hal_adc.o(i.HAL_ADC_Init)
    HAL_ADC_MspInit                          0x080019b3   Thumb Code     2  stm32f7xx_hal_adc.o(i.HAL_ADC_MspInit)
    HAL_ADC_PollForConversion                0x080019b5   Thumb Code   160  stm32f7xx_hal_adc.o(i.HAL_ADC_PollForConversion)
    HAL_ADC_Start                            0x08001a55   Thumb Code   170  stm32f7xx_hal_adc.o(i.HAL_ADC_Start)
    HAL_DMA_DeInit                           0x08001b0d   Thumb Code    98  stm32f7xx_hal_dma.o(i.HAL_DMA_DeInit)
    HAL_DMA_Init                             0x08001b71   Thumb Code   222  stm32f7xx_hal_dma.o(i.HAL_DMA_Init)
    HAL_Delay                                0x08001c55   Thumb Code    32  stm32f7xx_hal.o(i.HAL_Delay)
    HAL_GPIO_EXTI_Callback                   0x08001c79   Thumb Code    18  main.o(i.HAL_GPIO_EXTI_Callback)
    HAL_GPIO_EXTI_IRQHandler                 0x08001c91   Thumb Code    18  stm32f7xx_hal_gpio.o(i.HAL_GPIO_EXTI_IRQHandler)
    HAL_GPIO_Init                            0x08001ca9   Thumb Code   418  stm32f7xx_hal_gpio.o(i.HAL_GPIO_Init)
    HAL_GPIO_ReadPin                         0x08001e81   Thumb Code    10  stm32f7xx_hal_gpio.o(i.HAL_GPIO_ReadPin)
    HAL_GPIO_WritePin                        0x08001e8b   Thumb Code    10  stm32f7xx_hal_gpio.o(i.HAL_GPIO_WritePin)
    HAL_GetTick                              0x08001e95   Thumb Code     6  main.o(i.HAL_GetTick)
    HAL_I2C_DeInit                           0x08001ea1   Thumb Code    52  stm32f7xx_hal_i2c.o(i.HAL_I2C_DeInit)
    HAL_I2C_GetState                         0x08001ed5   Thumb Code     6  stm32f7xx_hal_i2c.o(i.HAL_I2C_GetState)
    HAL_I2C_Init                             0x08001edd   Thumb Code   180  stm32f7xx_hal_i2c.o(i.HAL_I2C_Init)
    HAL_I2C_Mem_Read                         0x08001f95   Thumb Code   358  stm32f7xx_hal_i2c.o(i.HAL_I2C_Mem_Read)
    HAL_I2C_Mem_Write                        0x08002105   Thumb Code   354  stm32f7xx_hal_i2c.o(i.HAL_I2C_Mem_Write)
    HAL_I2C_MspDeInit                        0x0800226d   Thumb Code     2  stm32f7xx_hal_i2c.o(i.HAL_I2C_MspDeInit)
    HAL_I2C_MspInit                          0x0800226f   Thumb Code     2  stm32f7xx_hal_i2c.o(i.HAL_I2C_MspInit)
    HAL_Init                                 0x08002271   Thumb Code    40  stm32f7xx_hal.o(i.HAL_Init)
    HAL_InitTick                             0x0800229d   Thumb Code    54  stm32f7xx_hal.o(i.HAL_InitTick)
    HAL_LTDC_ConfigLayer                     0x080022dd   Thumb Code    82  stm32f7xx_hal_ltdc.o(i.HAL_LTDC_ConfigLayer)
    HAL_LTDC_Init                            0x08002331   Thumb Code   252  stm32f7xx_hal_ltdc.o(i.HAL_LTDC_Init)
    HAL_LTDC_MspInit                         0x08002431   Thumb Code     2  stm32f7xx_hal_ltdc.o(i.HAL_LTDC_MspInit)
    HAL_MspInit                              0x08002433   Thumb Code     2  stm32f7xx_hal.o(i.HAL_MspInit)
    HAL_NVIC_EnableIRQ                       0x08002435   Thumb Code    26  stm32f7xx_hal_cortex.o(i.HAL_NVIC_EnableIRQ)
    HAL_NVIC_SetPriority                     0x08002451   Thumb Code    60  stm32f7xx_hal_cortex.o(i.HAL_NVIC_SetPriority)
    HAL_NVIC_SetPriorityGrouping             0x08002491   Thumb Code    28  stm32f7xx_hal_cortex.o(i.HAL_NVIC_SetPriorityGrouping)
    HAL_NVIC_SystemReset                     0x080024b5   Thumb Code    26  stm32f7xx_hal_cortex.o(i.HAL_NVIC_SystemReset)
    HAL_RCCEx_PeriphCLKConfig                0x080024d9   Thumb Code  1276  stm32f7xx_hal_rcc_ex.o(i.HAL_RCCEx_PeriphCLKConfig)
    HAL_RCC_ClockConfig                      0x080029d5   Thumb Code   282  stm32f7xx_hal_rcc.o(i.HAL_RCC_ClockConfig)
    HAL_RCC_GetHCLKFreq                      0x08002b01   Thumb Code     6  stm32f7xx_hal_rcc.o(i.HAL_RCC_GetHCLKFreq)
    HAL_RCC_GetSysClockFreq                  0x08002b0d   Thumb Code    88  stm32f7xx_hal_rcc.o(i.HAL_RCC_GetSysClockFreq)
    HAL_RCC_OscConfig                        0x08002b71   Thumb Code   810  stm32f7xx_hal_rcc.o(i.HAL_RCC_OscConfig)
    HAL_SDRAM_Init                           0x08002ea9   Thumb Code    66  stm32f7xx_hal_sdram.o(i.HAL_SDRAM_Init)
    HAL_SDRAM_MspInit                        0x08002eeb   Thumb Code     2  stm32f7xx_hal_sdram.o(i.HAL_SDRAM_MspInit)
    HAL_SDRAM_ProgramRefreshRate             0x08002eed   Thumb Code    34  stm32f7xx_hal_sdram.o(i.HAL_SDRAM_ProgramRefreshRate)
    HAL_SDRAM_SendCommand                    0x08002f11   Thumb Code    48  stm32f7xx_hal_sdram.o(i.HAL_SDRAM_SendCommand)
    HAL_SYSTICK_Config                       0x08002f41   Thumb Code    38  stm32f7xx_hal_cortex.o(i.HAL_SYSTICK_Config)
    LDR_GetData                              0x080033e1   Thumb Code    12  ldr.o(i.LDR_GetData)
    MQ_GetData                               0x080035bd   Thumb Code    20  mq135.o(i.MQ_GetData)
    Moisture_GetData                         0x080036f5   Thumb Code    12  moisture.o(i.Moisture_GetData)
    Set_Pin_Input                            0x08003701   Thumb Code    36  dht.o(i.Set_Pin_Input)
    Set_Pin_Output                           0x08003725   Thumb Code    38  dht.o(i.Set_Pin_Output)
    SystemClock_Config                       0x0800374d   Thumb Code   110  main.o(i.SystemClock_Config)
    SystemInit                               0x080037c5   Thumb Code    68  system_stm32f7xx.o(i.SystemInit)
    TS_IO_Delay                              0x08003819   Thumb Code     4  stm32746g_discovery.o(i.TS_IO_Delay)
    TS_IO_Init                               0x0800381d   Thumb Code     6  stm32746g_discovery.o(i.TS_IO_Init)
    TS_IO_Read                               0x08003829   Thumb Code    34  stm32746g_discovery.o(i.TS_IO_Read)
    TS_IO_Write                              0x08003851   Thumb Code    26  stm32746g_discovery.o(i.TS_IO_Write)
    Touch_GetState                           0x08003871   Thumb Code    54  touch_746g_discovery.o(i.Touch_GetState)
    Touch_Initialize                         0x080038a7   Thumb Code    24  touch_746g_discovery.o(i.Touch_Initialize)
    _init_box                                0x080038e1   Thumb Code    70  rt_membox.o(i._init_box)
    _is_digit                                0x08003927   Thumb Code    14  __printf_wp.o(i._is_digit)
    _mutex_acquire                           0x08003935   Thumb Code    22  rtx_conf_cm.o(i._mutex_acquire)
    _mutex_release                           0x08003955   Thumb Code    18  rtx_conf_cm.o(i._mutex_release)
    allPage                                  0x08003971   Thumb Code   200  glcd.o(i.allPage)
    checkAndDisplayStatus                    0x08003aa1   Thumb Code    38  glcd.o(i.checkAndDisplayStatus)
    dataPage                                 0x08003ac9   Thumb Code   472  glcd.o(i.dataPage)
    dbg_init                                 0x08003de5   Thumb Code    34  hal_cm.o(i.dbg_init)
    dbg_task_notify                          0x08003e15   Thumb Code    32  hal_cm.o(i.dbg_task_notify)
    dbg_task_switch                          0x08003e35   Thumb Code    16  hal_cm.o(i.dbg_task_switch)
    displayDHT                               0x08003e45   Thumb Code    94  glcd.o(i.displayDHT)
    displayLDR                               0x08003ed1   Thumb Code    56  glcd.o(i.displayLDR)
    displayMQ135                             0x08003f25   Thumb Code    52  glcd.o(i.displayMQ135)
    displayMoisture                          0x08003f6d   Thumb Code   122  glcd.o(i.displayMoisture)
    displayStatus                            0x08004011   Thumb Code     4  glcd.o(i.displayStatus)
    ft5336_Init                              0x0800402d   Thumb Code    16  ft5336.o(i.ft5336_Init)
    ft5336_ReadID                            0x0800403d   Thumb Code    58  ft5336.o(i.ft5336_ReadID)
    ft5336_Reset                             0x08004077   Thumb Code     2  ft5336.o(i.ft5336_Reset)
    ft5336_TS_ClearIT                        0x08004079   Thumb Code     2  ft5336.o(i.ft5336_TS_ClearIT)
    ft5336_TS_DetectTouch                    0x0800407d   Thumb Code    60  ft5336.o(i.ft5336_TS_DetectTouch)
    ft5336_TS_DisableIT                      0x080040bd   Thumb Code    10  ft5336.o(i.ft5336_TS_DisableIT)
    ft5336_TS_EnableIT                       0x080040c7   Thumb Code    10  ft5336.o(i.ft5336_TS_EnableIT)
    ft5336_TS_GetGestureID                   0x080040d1   Thumb Code    30  ft5336.o(i.ft5336_TS_GetGestureID)
    ft5336_TS_GetTouchInfo                   0x080040f1   Thumb Code   200  ft5336.o(i.ft5336_TS_GetTouchInfo)
    ft5336_TS_GetXY                          0x080041bd   Thumb Code   282  ft5336.o(i.ft5336_TS_GetXY)
    ft5336_TS_ITStatus                       0x080042dd   Thumb Code     4  ft5336.o(i.ft5336_TS_ITStatus)
    ft5336_TS_Start                          0x080042e1   Thumb Code     4  ft5336.o(i.ft5336_TS_Start)
    getMQ135PPM                              0x080042e5   Thumb Code    60  mq135.o(i.getMQ135PPM)
    getMQ135Resistance                       0x0800432d   Thumb Code    40  mq135.o(i.getMQ135Resistance)
    getTimeActive                            0x08004359   Thumb Code    92  glcd.o(i.getTimeActive)
    init_config                              0x080043f5   Thumb Code    54  main.o(i.init_config)
    isrMessageGet                            0x08004431   Thumb Code    42  rt_cmsis.o(i.isrMessageGet)
    isrMessagePut                            0x0800445b   Thumb Code    44  rt_cmsis.o(i.isrMessagePut)
    isr_mbx_receive                          0x08004489   Thumb Code    86  rt_mailbox.o(i.isr_mbx_receive)
    isr_mbx_send                             0x080044df   Thumb Code    14  rt_mailbox.o(i.isr_mbx_send)
    main                                     0x080044ed   Thumb Code    10  main.o(i.main)
    map                                      0x080044f7   Thumb Code    20  moisture.o(i.map)
    my_pow                                   0x0800450d   Thumb Code    88  mq135.o(i.my_pow)
    osKernelInitialize                       0x0800456d   Thumb Code    30  rt_cmsis.o(i.osKernelInitialize)
    osKernelStart                            0x08004591   Thumb Code    98  rt_cmsis.o(i.osKernelStart)
    osMessageGet                             0x080045fd   Thumb Code    18  rt_cmsis.o(i.osMessageGet)
    osThreadCreate                           0x08004615   Thumb Code    36  rt_cmsis.o(i.osThreadCreate)
    osThreadExit                             0x08004641   Thumb Code    14  rt_cmsis.o(i.osThreadExit)
    osTimerCall                              0x08004659   Thumb Code     8  rt_cmsis.o(i.osTimerCall)
    osTimerThread                            0x08004665   Thumb Code    38  rt_cmsis.o(i.osTimerThread)
    os_error                                 0x08004691   Thumb Code     2  rtx_conf_cm.o(i.os_error)
    os_idle_demon                            0x08004693   Thumb Code     2  rtx_conf_cm.o(i.os_idle_demon)
    os_tick_init                             0x08004695   Thumb Code    32  rt_system.o(i.os_tick_init)
    os_tick_irqack                           0x080046bd   Thumb Code     2  rt_system.o(i.os_tick_irqack)
    readLDR                                  0x080046c1   Thumb Code    46  ldr.o(i.readLDR)
    readMQ135                                0x080046f5   Thumb Code    46  mq135.o(i.readMQ135)
    readMoisture                             0x08004729   Thumb Code    48  moisture.o(i.readMoisture)
    readMoisturePercent                      0x0800475d   Thumb Code    28  moisture.o(i.readMoisturePercent)
    readyPage                                0x08004779   Thumb Code    74  glcd.o(i.readyPage)
    rt_alloc_box                             0x080047e5   Thumb Code    26  rt_membox.o(i.rt_alloc_box)
    rt_alloc_mem                             0x080047ff   Thumb Code    62  rt_memory.o(i.rt_alloc_mem)
    rt_block                                 0x0800483d   Thumb Code    48  rt_task.o(i.rt_block)
    rt_chk_robin                             0x08004875   Thumb Code    60  rt_robin.o(i.rt_chk_robin)
    rt_dec_dly                               0x080048bd   Thumb Code   102  rt_list.o(i.rt_dec_dly)
    rt_dispatch                              0x0800492d   Thumb Code    60  rt_task.o(i.rt_dispatch)
    rt_evt_psh                               0x08004971   Thumb Code    76  rt_event.o(i.rt_evt_psh)
    rt_free_box                              0x080049c1   Thumb Code    44  rt_membox.o(i.rt_free_box)
    rt_free_mem                              0x080049ed   Thumb Code    40  rt_memory.o(i.rt_free_mem)
    rt_get_first                             0x08004a15   Thumb Code    40  rt_list.o(i.rt_get_first)
    rt_init_mem                              0x08004a8d   Thumb Code    26  rt_memory.o(i.rt_init_mem)
    rt_init_robin                            0x08004aa9   Thumb Code    14  rt_robin.o(i.rt_init_robin)
    rt_init_stack                            0x08004ac1   Thumb Code   118  hal_cm.o(i.rt_init_stack)
    rt_mbx_check                             0x08004b41   Thumb Code     8  rt_mailbox.o(i.rt_mbx_check)
    rt_mbx_init                              0x08004b49   Thumb Code    26  rt_mailbox.o(i.rt_mbx_init)
    rt_mbx_psh                               0x08004b65   Thumb Code   236  rt_mailbox.o(i.rt_mbx_psh)
    rt_mbx_wait                              0x08004c55   Thumb Code   174  rt_mailbox.o(i.rt_mbx_wait)
    rt_mut_release                           0x08004d4d   Thumb Code   208  rt_mutex.o(i.rt_mut_release)
    rt_mut_wait                              0x08004e25   Thumb Code   114  rt_mutex.o(i.rt_mut_wait)
    rt_pop_req                               0x08004e9d   Thumb Code   112  rt_system.o(i.rt_pop_req)
    rt_psh_req                               0x08004f19   Thumb Code    22  rt_system.o(i.rt_psh_req)
    rt_psq_enq                               0x08004f39   Thumb Code    88  rt_list.o(i.rt_psq_enq)
    rt_put_dly                               0x08004f95   Thumb Code    68  rt_list.o(i.rt_put_dly)
    rt_put_prio                              0x08004fdd   Thumb Code    54  rt_list.o(i.rt_put_prio)
    rt_put_rdy_first                         0x08005015   Thumb Code    14  rt_list.o(i.rt_put_rdy_first)
    rt_resort_prio                           0x08005029   Thumb Code    46  rt_list.o(i.rt_resort_prio)
    rt_ret_val                               0x0800506d   Thumb Code    12  hal_cm.o(i.rt_ret_val)
    rt_ret_val2                              0x08005079   Thumb Code    16  hal_cm.o(i.rt_ret_val2)
    rt_rmv_dly                               0x08005089   Thumb Code    40  rt_list.o(i.rt_rmv_dly)
    rt_rmv_list                              0x080050b1   Thumb Code    44  rt_list.o(i.rt_rmv_list)
    rt_sem_psh                               0x080050e1   Thumb Code    48  rt_semaphore.o(i.rt_sem_psh)
    rt_stk_check                             0x08005115   Thumb Code    28  rt_system.o(i.rt_stk_check)
    rt_switch_req                            0x08005139   Thumb Code    30  rt_task.o(i.rt_switch_req)
    rt_sys_init                              0x08005161   Thumb Code   138  rt_task.o(i.rt_sys_init)
    rt_sys_start                             0x0800522d   Thumb Code   110  rt_task.o(i.rt_sys_start)
    rt_systick                               0x080052a5   Thumb Code    50  rt_system.o(i.rt_systick)
    rt_tsk_create                            0x0800532d   Thumb Code   118  rt_task.o(i.rt_tsk_create)
    rt_tsk_delete                            0x080053b5   Thumb Code   352  rt_task.o(i.rt_tsk_delete)
    rt_tsk_prio                              0x08005531   Thumb Code   108  rt_task.o(i.rt_tsk_prio)
    rt_tsk_self                              0x080055ad   Thumb Code    12  rt_task.o(i.rt_tsk_self)
    settingsPage                             0x080055bd   Thumb Code   330  glcd.o(i.settingsPage)
    svcKernelInitialize                      0x080057c1   Thumb Code    80  rt_cmsis.o(i.svcKernelInitialize)
    svcKernelStart                           0x08005831   Thumb Code    62  rt_cmsis.o(i.svcKernelStart)
    svcMessageCreate                         0x08005879   Thumb Code    36  rt_cmsis.o(i.svcMessageCreate)
    svcMessageGet                            0x0800589d   Thumb Code    58  rt_cmsis.o(i.svcMessageGet)
    svcThreadCreate                          0x080058d9   Thumb Code    96  rt_cmsis.o(i.svcThreadCreate)
    svcThreadGetId                           0x08005945   Thumb Code    22  rt_cmsis.o(i.svcThreadGetId)
    svcThreadTerminate                       0x08005961   Thumb Code    50  rt_cmsis.o(i.svcThreadTerminate)
    svcTimerCall                             0x08005999   Thumb Code    24  rt_cmsis.o(i.svcTimerCall)
    sysTimerTick                             0x080059b1   Thumb Code    84  rt_cmsis.o(i.sysTimerTick)
    warmUp                                   0x08005a0d   Thumb Code    28  glcd.o(i.warmUp)
    __aeabi_d2f                              0x08005a3d   Thumb Code     0  d2f.o(x$fpl$d2f)
    _d2f                                     0x08005a3d   Thumb Code    98  d2f.o(x$fpl$d2f)
    __aeabi_ddiv                             0x08005aa1   Thumb Code     0  ddiv.o(x$fpl$ddiv)
    _ddiv                                    0x08005aa1   Thumb Code   552  ddiv.o(x$fpl$ddiv)
    __aeabi_dmul                             0x08005d51   Thumb Code     0  dmul.o(x$fpl$dmul)
    _dmul                                    0x08005d51   Thumb Code   332  dmul.o(x$fpl$dmul)
    __fpl_dnaninf                            0x08005ea5   Thumb Code   156  dnaninf.o(x$fpl$dnaninf)
    __fpl_dretinf                            0x08005f41   Thumb Code    12  dretinf.o(x$fpl$dretinf)
    __aeabi_f2d                              0x08005f4d   Thumb Code     0  f2d.o(x$fpl$f2d)
    _f2d                                     0x08005f4d   Thumb Code    86  f2d.o(x$fpl$f2d)
    __fpl_fnaninf                            0x08005fa3   Thumb Code   140  fnaninf.o(x$fpl$fnaninf)
    _fp_init                                 0x0800602f   Thumb Code    10  fpinit.o(x$fpl$fpinit)
    __fplib_config_fpu_vfp                   0x08006037   Thumb Code     0  fpinit.o(x$fpl$fpinit)
    __fplib_config_pureend_doubles           0x08006037   Thumb Code     0  fpinit.o(x$fpl$fpinit)
    __fpl_fretinf                            0x08006039   Thumb Code    10  fretinf.o(x$fpl$fretinf)
    __I$use$fp                               0x08006042   Number         0  usenofp.o(x$fpl$usenofp)
    GLCD_Font_6x8                            0x080078c4   Data          16  glcd_fonts.o(.constdata)
    GLCD_Font_16x24                          0x080078d4   Data          16  glcd_fonts.o(.constdata)
    os_maxtaskrun                            0x080078e4   Data           2  rtx_conf_cm.o(.constdata)
    os_stackinfo                             0x080078e8   Data           4  rtx_conf_cm.o(.constdata)
    os_rrobin                                0x080078ec   Data           4  rtx_conf_cm.o(.constdata)
    os_trv                                   0x080078f0   Data           4  rtx_conf_cm.o(.constdata)
    os_flags                                 0x080078f4   Data           1  rtx_conf_cm.o(.constdata)
    CMSIS_RTOS_API_Version                   0x080078f8   Data           4  rtx_conf_cm.o(.constdata)
    CMSIS_RTOS_RTX_Version                   0x080078fc   Data           4  rtx_conf_cm.o(.constdata)
    os_clockrate                             0x08007900   Data           4  rtx_conf_cm.o(.constdata)
    os_timernum                              0x08007904   Data           4  rtx_conf_cm.o(.constdata)
    mp_tcb_size                              0x08007908   Data           2  rtx_conf_cm.o(.constdata)
    mp_stk_size                              0x0800790c   Data           4  rtx_conf_cm.o(.constdata)
    os_stack_sz                              0x08007910   Data           4  rtx_conf_cm.o(.constdata)
    os_fifo_size                             0x08007914   Data           1  rtx_conf_cm.o(.constdata)
    os_thread_def_osTimerThread              0x08007918   Data          16  rtx_conf_cm.o(.constdata)
    os_messageQ_def_osTimerMessageQ          0x08007928   Data           8  rtx_conf_cm.o(.constdata)
    mp_tmr_size                              0x08007930   Data           2  rtx_conf_cm.o(.constdata)
    os_thread_def_main                       0x08007934   Data          16  rtx_conf_cm.o(.constdata)
    AHBPrescTable                            0x0800794c   Data          16  system_stm32f7xx.o(.constdata)
    Region$$Table$$Base                      0x08007970   Number         0  anon$$obj.o(Region$$Table)
    Region$$Table$$Limit                     0x08007990   Number         0  anon$$obj.o(Region$$Table)
    userTrigger                              0x20010000   Data           1  main.o(.data)
    Presence                                 0x20010002   Data           1  dht.o(.data)
    Rh_byte1                                 0x20010003   Data           1  dht.o(.data)
    Rh_byte2                                 0x20010004   Data           1  dht.o(.data)
    Temp_byte1                               0x20010005   Data           1  dht.o(.data)
    Temp_byte2                               0x20010006   Data           1  dht.o(.data)
    SUM                                      0x20010008   Data           2  dht.o(.data)
    dataTransition                           0x2001000c   Data           1  glcd.o(.data)
    drawBars                                 0x2001000d   Data           1  glcd.o(.data)
    initialPage                              0x2001000e   Data           1  glcd.o(.data)
    readyTransition                          0x2001000f   Data           1  glcd.o(.data)
    settingsTransition                       0x20010010   Data           1  glcd.o(.data)
    showDataPage                             0x20010011   Data           1  glcd.o(.data)
    showSettingsPage                         0x20010012   Data           1  glcd.o(.data)
    Temperature                              0x20010013   Data           1  glcd.o(.data)
    Humidity                                 0x20010014   Data           1  glcd.o(.data)
    soilMoisturePercent                      0x20010015   Data           1  glcd.o(.data)
    Moisture_Data                            0x20010016   Data           1  glcd.o(.data)
    ldr_val                                  0x20010018   Data           2  glcd.o(.data)
    DHT11_Data                               0x2001001a   Data           2  glcd.o(.data)
    MQ135_Data                               0x2001001c   Data           2  glcd.o(.data)
    k                                        0x20010020   Data           4  glcd.o(.data)
    LDR_Data                                 0x20010024   Data           4  glcd.o(.data)
    tsc_state                                0x20010028   Data           6  glcd.o(.data)
    ft5336_ts_drv                            0x20010030   Data          40  ft5336.o(.data)
    m_tmr                                    0x20010074   Data           4  rtx_conf_cm.o(.data)
    osThreadId_osTimerThread                 0x20010078   Data           4  rtx_conf_cm.o(.data)
    osMessageQId_osTimerMessageQ             0x2001007c   Data           4  rtx_conf_cm.o(.data)
    uwTickFreq                               0x20010080   Data           1  stm32f7xx_hal.o(.data)
    uwTickPrio                               0x20010084   Data           4  stm32f7xx_hal.o(.data)
    uwTick                                   0x20010088   Data           4  stm32f7xx_hal.o(.data)
    SystemCoreClock                          0x2001008c   Data           4  system_stm32f7xx.o(.data)
    os_initialized                           0x20010090   Data           1  rt_cmsis.o(.data)
    os_running                               0x20010091   Data           1  rt_cmsis.o(.data)
    os_timer_head                            0x20010094   Data           4  rt_cmsis.o(.data)
    os_tsk                                   0x20010098   Data           8  rt_task.o(.data)
    os_time                                  0x200100a0   Data           4  rt_time.o(.data)
    os_tick_irqn                             0x200100a8   Data           4  rt_system.o(.data)
    os_robin                                 0x200100ac   Data           8  rt_robin.o(.data)
    dbg_msg                                  0x200100b4   Data           1  hal_cm.o(.data)
    hadc1                                    0x200100b8   Data          72  main.o(.bss)
    hadc2                                    0x20010100   Data          72  main.o(.bss)
    hadc3                                    0x20010148   Data          72  main.o(.bss)
    buffer                                   0x20010190   Data         128  main.o(.bss)
    preset                                   0x20010210   Data           9  glcd.o(.bss)
    sdramHandle                              0x20010374   Data          52  stm32746g_discovery_sdram.o(.bss)
    os_messageQ_q_osTimerMessageQ            0x200104a4   Data          32  rtx_conf_cm.o(.bss)
    mp_tcb                                   0x200104c4   Data         376  rtx_conf_cm.o(.bss)
    mp_stk                                   0x20010640   Data        1216  rtx_conf_cm.o(.bss)
    os_stack_mem                             0x20010b00   Data         432  rtx_conf_cm.o(.bss)
    os_fifo                                  0x20010cb0   Data         132  rtx_conf_cm.o(.bss)
    os_active_TCB                            0x20010d34   Data          28  rtx_conf_cm.o(.bss)
    os_idle_TCB                              0x20010d50   Data          52  rt_task.o(.bss)
    os_rdy                                   0x20010d84   Data          24  rt_list.o(.bss)
    os_dly                                   0x20010d9c   Data          24  rt_list.o(.bss)
    __libspace_start                         0x20010db4   Data          96  libspace.o(.bss)
    __temporary_stack_top$libspace           0x20010e14   Data           0  libspace.o(.bss)



==============================================================================

Memory Map of the image

  Image Entry point : 0x08000439

  Load Region LR_1 (Base: 0x08000000, Size: 0x00007a48, Max: 0xffffffff, ABSOLUTE)

    Execution Region ER_RO (Base: 0x08000000, Size: 0x00007990, Max: 0xffffffff, ABSOLUTE)

    Base Addr    Size         Type   Attr      Idx    E Section Name        Object

    0x08000000   0x000001c8   Data   RO         3757    RESET               startup_stm32f746xx.o
    0x080001c8   0x00000008   Code   RO         5071  * !!!main             c_w.l(__main.o)
    0x080001d0   0x00000034   Code   RO         5262    !!!scatter          c_w.l(__scatter.o)
    0x08000204   0x0000001a   Code   RO         5264    !!handler_copy      c_w.l(__scatter_copy.o)
    0x0800021e   0x00000002   PAD
    0x08000220   0x0000001c   Code   RO         5266    !!handler_zi        c_w.l(__scatter_zi.o)
    0x0800023c   0x00000000   Code   RO         5058    .ARM.Collect$$_printf_percent$$00000000  c_w.l(_printf_percent.o)
    0x0800023c   0x00000006   Code   RO         5056    .ARM.Collect$$_printf_percent$$00000008  c_w.l(_printf_i.o)
    0x08000242   0x00000006   Code   RO         5057    .ARM.Collect$$_printf_percent$$00000009  c_w.l(_printf_d.o)
    0x08000248   0x00000006   Code   RO         5055    .ARM.Collect$$_printf_percent$$00000014  c_w.l(_printf_s.o)
    0x0800024e   0x00000004   Code   RO         5098    .ARM.Collect$$_printf_percent$$00000017  c_w.l(_printf_percent_end.o)
    0x08000252   0x00000002   Code   RO         5148    .ARM.Collect$$libinit$$00000000  c_w.l(libinit.o)
    0x08000254   0x00000004   Code   RO         5159    .ARM.Collect$$libinit$$00000001  c_w.l(libinit2.o)
    0x08000258   0x00000000   Code   RO         5162    .ARM.Collect$$libinit$$00000004  c_w.l(libinit2.o)
    0x08000258   0x00000000   Code   RO         5165    .ARM.Collect$$libinit$$0000000A  c_w.l(libinit2.o)
    0x08000258   0x00000000   Code   RO         5167    .ARM.Collect$$libinit$$0000000C  c_w.l(libinit2.o)
    0x08000258   0x00000000   Code   RO         5169    .ARM.Collect$$libinit$$0000000E  c_w.l(libinit2.o)
    0x08000258   0x00000000   Code   RO         5172    .ARM.Collect$$libinit$$00000011  c_w.l(libinit2.o)
    0x08000258   0x00000000   Code   RO         5174    .ARM.Collect$$libinit$$00000013  c_w.l(libinit2.o)
    0x08000258   0x00000000   Code   RO         5176    .ARM.Collect$$libinit$$00000015  c_w.l(libinit2.o)
    0x08000258   0x00000000   Code   RO         5178    .ARM.Collect$$libinit$$00000017  c_w.l(libinit2.o)
    0x08000258   0x00000000   Code   RO         5180    .ARM.Collect$$libinit$$00000019  c_w.l(libinit2.o)
    0x08000258   0x00000000   Code   RO         5182    .ARM.Collect$$libinit$$0000001B  c_w.l(libinit2.o)
    0x08000258   0x00000000   Code   RO         5184    .ARM.Collect$$libinit$$0000001D  c_w.l(libinit2.o)
    0x08000258   0x00000000   Code   RO         5186    .ARM.Collect$$libinit$$0000001F  c_w.l(libinit2.o)
    0x08000258   0x00000000   Code   RO         5188    .ARM.Collect$$libinit$$00000021  c_w.l(libinit2.o)
    0x08000258   0x00000000   Code   RO         5190    .ARM.Collect$$libinit$$00000023  c_w.l(libinit2.o)
    0x08000258   0x00000000   Code   RO         5192    .ARM.Collect$$libinit$$00000025  c_w.l(libinit2.o)
    0x08000258   0x00000000   Code   RO         5196    .ARM.Collect$$libinit$$0000002C  c_w.l(libinit2.o)
    0x08000258   0x00000000   Code   RO         5198    .ARM.Collect$$libinit$$0000002E  c_w.l(libinit2.o)
    0x08000258   0x00000000   Code   RO         5200    .ARM.Collect$$libinit$$00000030  c_w.l(libinit2.o)
    0x08000258   0x00000000   Code   RO         5202    .ARM.Collect$$libinit$$00000032  c_w.l(libinit2.o)
    0x08000258   0x00000002   Code   RO         5203    .ARM.Collect$$libinit$$00000033  c_w.l(libinit2.o)
    0x0800025a   0x00000002   Code   RO         5149    .ARM.Collect$$libshutdown$$00000000  c_w.l(libshutdown.o)
    0x0800025c   0x00000000   Code   RO         5205    .ARM.Collect$$libshutdown$$00000002  c_w.l(libshutdown2.o)
    0x0800025c   0x00000000   Code   RO         5207    .ARM.Collect$$libshutdown$$00000004  c_w.l(libshutdown2.o)
    0x0800025c   0x00000000   Code   RO         5210    .ARM.Collect$$libshutdown$$00000007  c_w.l(libshutdown2.o)
    0x0800025c   0x00000000   Code   RO         5213    .ARM.Collect$$libshutdown$$0000000A  c_w.l(libshutdown2.o)
    0x0800025c   0x00000000   Code   RO         5215    .ARM.Collect$$libshutdown$$0000000C  c_w.l(libshutdown2.o)
    0x0800025c   0x00000000   Code   RO         5218    .ARM.Collect$$libshutdown$$0000000F  c_w.l(libshutdown2.o)
    0x0800025c   0x00000002   Code   RO         5219    .ARM.Collect$$libshutdown$$00000010  c_w.l(libshutdown2.o)
    0x0800025e   0x00000000   Code   RO         5083    .ARM.Collect$$rtentry$$00000000  c_w.l(__rtentry.o)
    0x0800025e   0x00000000   Code   RO         5109    .ARM.Collect$$rtentry$$00000002  c_w.l(__rtentry2.o)
    0x0800025e   0x00000006   Code   RO         5121    .ARM.Collect$$rtentry$$00000004  c_w.l(__rtentry4.o)
    0x08000264   0x00000000   Code   RO         5111    .ARM.Collect$$rtentry$$00000009  c_w.l(__rtentry2.o)
    0x08000264   0x00000004   Code   RO         5112    .ARM.Collect$$rtentry$$0000000A  c_w.l(__rtentry2.o)
    0x08000268   0x00000008   Code   RO         5113    .ARM.Collect$$rtentry$$0000000B  c_w.l(__rtentry2.o)
    0x08000270   0x00000008   Code   RO         5115    .ARM.Collect$$rtentry$$0000000D  c_w.l(__rtentry2.o)
    0x08000278   0x00000002   Code   RO         5084    .ARM.Collect$$rtexit$$00000000  c_w.l(rtexit.o)
    0x0800027a   0x00000000   Code   RO         5124    .ARM.Collect$$rtexit$$00000002  c_w.l(rtexit2.o)
    0x0800027a   0x00000004   Code   RO         5125    .ARM.Collect$$rtexit$$00000003  c_w.l(rtexit2.o)
    0x0800027e   0x00000006   Code   RO         5126    .ARM.Collect$$rtexit$$00000004  c_w.l(rtexit2.o)
    0x08000284   0x0000001c   Code   RO         1154    .emb_text           rtx_conf_cm.o
    0x080002a0   0x00000198   Code   RO         5003    .emb_text           RTX_CM4.lib(hal_cm4.o)
    0x08000438   0x00000040   Code   RO         3758  * .text               startup_stm32f746xx.o
    0x08000478   0x00000008   Code   RO         5018    .text               c_w.l(libspace.o)
    0x08000480   0x000000ee   Code   RO         5021    .text               c_w.l(lludivv7m.o)
    0x0800056e   0x00000002   PAD
    0x08000570   0x00000028   Code   RO         5025    .text               c_w.l(noretval__2sprintf.o)
    0x08000598   0x0000004e   Code   RO         5029    .text               c_w.l(_printf_pad.o)
    0x080005e6   0x00000052   Code   RO         5031    .text               c_w.l(_printf_str.o)
    0x08000638   0x00000078   Code   RO         5033    .text               c_w.l(_printf_dec.o)
    0x080006b0   0x00000138   Code   RO         5047    .text               c_w.l(__printf_flags_wp.o)
    0x080007e8   0x00000012   Code   RO         5059    .text               c_w.l(exit.o)
    0x080007fa   0x00000048   Code   RO         5061    .text               c_w.l(strcpy.o)
    0x08000842   0x00000096   Code   RO         5063    .text               c_w.l(strncmp.o)
    0x080008d8   0x00000064   Code   RO         5065    .text               c_w.l(rt_memcpy_w.o)
    0x0800093c   0x0000004e   Code   RO         5067    .text               c_w.l(rt_memclr_w.o)
    0x0800098a   0x00000006   Code   RO         5069    .text               c_w.l(heapauxi.o)
    0x08000990   0x000000b2   Code   RO         5090    .text               c_w.l(_printf_intcommon.o)
    0x08000a42   0x00000002   PAD
    0x08000a44   0x00000030   Code   RO         5092    .text               c_w.l(_printf_char_common.o)
    0x08000a74   0x0000000a   Code   RO         5094    .text               c_w.l(_sputc.o)
    0x08000a7e   0x0000002c   Code   RO         5096    .text               c_w.l(_printf_char.o)
    0x08000aaa   0x00000002   PAD
    0x08000aac   0x0000000c   Code   RO         5134    .text               c_w.l(sys_exit.o)
    0x08000ab8   0x0000004a   Code   RO         5136    .text               c_w.l(sys_stackheap_outer.o)
    0x08000b02   0x00000002   Code   RO         5150    .text               c_w.l(use_no_semi.o)
    0x08000b04   0x00000000   Code   RO         5152    .text               c_w.l(indicate_semi.o)
    0x08000b04   0x00000004   Code   RO         5013    SVC_TABLE           RTX_CM4.lib(svc_table.o)
    0x08000b08   0x00000134   Code   RO         1442    i.ADC_Init          stm32f7xx_hal_adc.o
    0x08000c3c   0x00000078   Code   RO          822    i.BSP_SDRAM_Init    stm32746g_discovery_sdram.o
    0x08000cb4   0x0000008c   Code   RO          823    i.BSP_SDRAM_Initialization_sequence  stm32746g_discovery_sdram.o
    0x08000d40   0x00000168   Code   RO          825    i.BSP_SDRAM_MspInit  stm32746g_discovery_sdram.o
    0x08000ea8   0x00000170   Code   RO          907    i.BSP_TS_GetState   stm32746g_discovery_ts.o
    0x08001018   0x0000005c   Code   RO          908    i.BSP_TS_Get_GestureId  stm32746g_discovery_ts.o
    0x08001074   0x0000003c   Code   RO          912    i.BSP_TS_Init       stm32746g_discovery_ts.o
    0x080010b0   0x00000040   Code   RO          204    i.DHT_Check_Response  dht.o
    0x080010f0   0x0000004c   Code   RO          205    i.DHT_GetData       dht.o
    0x0800113c   0x0000005c   Code   RO          206    i.DHT_Read          dht.o
    0x08001198   0x00000044   Code   RO          207    i.DHT_Start         dht.o
    0x080011dc   0x00000028   Code   RO         1849    i.DMA_CalcBaseAndBitshift  stm32f7xx_hal_dma.o
    0x08001204   0x00000054   Code   RO         1850    i.DMA_CheckFifoParam  stm32f7xx_hal_dma.o
    0x08001258   0x00000044   Code   RO          208    i.DWT_Delay_Init    dht.o
    0x0800129c   0x0000002c   Code   RO          209    i.DWT_Delay_us      dht.o
    0x080012c8   0x00000008   Code   RO            4    i.EXTI15_10_IRQHandler  main.o
    0x080012d0   0x0000005e   Code   RO         3623    i.FMC_SDRAM_Init    stm32f7xx_ll_fmc.o
    0x0800132e   0x0000000c   Code   RO         3624    i.FMC_SDRAM_ProgramRefreshRate  stm32f7xx_ll_fmc.o
    0x0800133a   0x00000020   Code   RO         3625    i.FMC_SDRAM_SendCommand  stm32f7xx_ll_fmc.o
    0x0800135a   0x00000002   PAD
    0x0800135c   0x0000008c   Code   RO         3627    i.FMC_SDRAM_Timing_Init  stm32f7xx_ll_fmc.o
    0x080013e8   0x000000b4   Code   RO          406    i.GLCDLogic         glcd.o
    0x0800149c   0x00000024   Code   RO          986    i.GLCD_ClearScreen  glcd_746g_discovery.o
    0x080014c0   0x00000098   Code   RO          989    i.GLCD_DrawChar     glcd_746g_discovery.o
    0x08001558   0x0000002c   Code   RO          990    i.GLCD_DrawHLine    glcd_746g_discovery.o
    0x08001584   0x00000030   Code   RO          992    i.GLCD_DrawRectangle  glcd_746g_discovery.o
    0x080015b4   0x0000002c   Code   RO          993    i.GLCD_DrawString   glcd_746g_discovery.o
    0x080015e0   0x0000002c   Code   RO          994    i.GLCD_DrawVLine    glcd_746g_discovery.o
    0x0800160c   0x000001c4   Code   RO          997    i.GLCD_Initialize   glcd_746g_discovery.o
    0x080017d0   0x0000000c   Code   RO          998    i.GLCD_SetBackgroundColor  glcd_746g_discovery.o
    0x080017dc   0x0000000c   Code   RO          999    i.GLCD_SetFont      glcd_746g_discovery.o
    0x080017e8   0x0000000c   Code   RO         1000    i.GLCD_SetForegroundColor  glcd_746g_discovery.o
    0x080017f4   0x00000164   Code   RO         1444    i.HAL_ADC_ConfigChannel  stm32f7xx_hal_adc.o
    0x08001958   0x00000006   Code   RO         1451    i.HAL_ADC_GetValue  stm32f7xx_hal_adc.o
    0x0800195e   0x00000054   Code   RO         1453    i.HAL_ADC_Init      stm32f7xx_hal_adc.o
    0x080019b2   0x00000002   Code   RO         1456    i.HAL_ADC_MspInit   stm32f7xx_hal_adc.o
    0x080019b4   0x000000a0   Code   RO         1457    i.HAL_ADC_PollForConversion  stm32f7xx_hal_adc.o
    0x08001a54   0x000000b8   Code   RO         1459    i.HAL_ADC_Start     stm32f7xx_hal_adc.o
    0x08001b0c   0x00000062   Code   RO         1854    i.HAL_DMA_DeInit    stm32f7xx_hal_dma.o
    0x08001b6e   0x00000002   PAD
    0x08001b70   0x000000e4   Code   RO         1858    i.HAL_DMA_Init      stm32f7xx_hal_dma.o
    0x08001c54   0x00000024   Code   RO         1251    i.HAL_Delay         stm32f7xx_hal.o
    0x08001c78   0x00000018   Code   RO            5    i.HAL_GPIO_EXTI_Callback  main.o
    0x08001c90   0x00000018   Code   RO         1998    i.HAL_GPIO_EXTI_IRQHandler  stm32f7xx_hal_gpio.o
    0x08001ca8   0x000001d8   Code   RO         1999    i.HAL_GPIO_Init     stm32f7xx_hal_gpio.o
    0x08001e80   0x0000000a   Code   RO         2001    i.HAL_GPIO_ReadPin  stm32f7xx_hal_gpio.o
    0x08001e8a   0x0000000a   Code   RO         2003    i.HAL_GPIO_WritePin  stm32f7xx_hal_gpio.o
    0x08001e94   0x0000000c   Code   RO            6    i.HAL_GetTick       main.o
    0x08001ea0   0x00000034   Code   RO         2064    i.HAL_I2C_DeInit    stm32f7xx_hal_i2c.o
    0x08001ed4   0x00000006   Code   RO         2072    i.HAL_I2C_GetState  stm32f7xx_hal_i2c.o
    0x08001eda   0x00000002   PAD
    0x08001edc   0x000000b8   Code   RO         2073    i.HAL_I2C_Init      stm32f7xx_hal_i2c.o
    0x08001f94   0x00000170   Code   RO         2089    i.HAL_I2C_Mem_Read  stm32f7xx_hal_i2c.o
    0x08002104   0x00000168   Code   RO         2092    i.HAL_I2C_Mem_Write  stm32f7xx_hal_i2c.o
    0x0800226c   0x00000002   Code   RO         2095    i.HAL_I2C_MspDeInit  stm32f7xx_hal_i2c.o
    0x0800226e   0x00000002   Code   RO         2096    i.HAL_I2C_MspInit   stm32f7xx_hal_i2c.o
    0x08002270   0x0000002c   Code   RO         1266    i.HAL_Init          stm32f7xx_hal.o
    0x0800229c   0x00000040   Code   RO         1267    i.HAL_InitTick      stm32f7xx_hal.o
    0x080022dc   0x00000052   Code   RO         2523    i.HAL_LTDC_ConfigLayer  stm32f7xx_hal_ltdc.o
    0x0800232e   0x00000002   PAD
    0x08002330   0x00000100   Code   RO         2540    i.HAL_LTDC_Init     stm32f7xx_hal_ltdc.o
    0x08002430   0x00000002   Code   RO         2543    i.HAL_LTDC_MspInit  stm32f7xx_hal_ltdc.o
    0x08002432   0x00000002   Code   RO         1269    i.HAL_MspInit       stm32f7xx_hal.o
    0x08002434   0x0000001a   Code   RO         1719    i.HAL_NVIC_EnableIRQ  stm32f7xx_hal_cortex.o
    0x0800244e   0x00000002   PAD
    0x08002450   0x00000040   Code   RO         1725    i.HAL_NVIC_SetPriority  stm32f7xx_hal_cortex.o
    0x08002490   0x00000024   Code   RO         1726    i.HAL_NVIC_SetPriorityGrouping  stm32f7xx_hal_cortex.o
    0x080024b4   0x00000024   Code   RO         1727    i.HAL_NVIC_SystemReset  stm32f7xx_hal_cortex.o
    0x080024d8   0x000004fc   Code   RO         3119    i.HAL_RCCEx_PeriphCLKConfig  stm32f7xx_hal_rcc_ex.o
    0x080029d4   0x0000012c   Code   RO         3012    i.HAL_RCC_ClockConfig  stm32f7xx_hal_rcc.o
    0x08002b00   0x0000000c   Code   RO         3017    i.HAL_RCC_GetHCLKFreq  stm32f7xx_hal_rcc.o
    0x08002b0c   0x00000064   Code   RO         3021    i.HAL_RCC_GetSysClockFreq  stm32f7xx_hal_rcc.o
    0x08002b70   0x00000338   Code   RO         3024    i.HAL_RCC_OscConfig  stm32f7xx_hal_rcc.o
    0x08002ea8   0x00000042   Code   RO         3179    i.HAL_SDRAM_Init    stm32f7xx_hal_sdram.o
    0x08002eea   0x00000002   Code   RO         3181    i.HAL_SDRAM_MspInit  stm32f7xx_hal_sdram.o
    0x08002eec   0x00000022   Code   RO         3182    i.HAL_SDRAM_ProgramRefreshRate  stm32f7xx_hal_sdram.o
    0x08002f0e   0x00000002   PAD
    0x08002f10   0x00000030   Code   RO         3188    i.HAL_SDRAM_SendCommand  stm32f7xx_hal_sdram.o
    0x08002f40   0x00000026   Code   RO         1730    i.HAL_SYSTICK_Config  stm32f7xx_hal_cortex.o
    0x08002f66   0x00000022   Code   RO         2115    i.I2C_Flush_TXDR    stm32f7xx_hal_i2c.o
    0x08002f88   0x0000007c   Code   RO         2123    i.I2C_IsAcknowledgeFailed  stm32f7xx_hal_i2c.o
    0x08003004   0x00000070   Code   RO         2126    i.I2C_RequestMemoryRead  stm32f7xx_hal_i2c.o
    0x08003074   0x00000070   Code   RO         2127    i.I2C_RequestMemoryWrite  stm32f7xx_hal_i2c.o
    0x080030e4   0x0000002c   Code   RO         2130    i.I2C_TransferConfig  stm32f7xx_hal_i2c.o
    0x08003110   0x00000052   Code   RO         2131    i.I2C_WaitOnFlagUntilTimeout  stm32f7xx_hal_i2c.o
    0x08003162   0x00000050   Code   RO         2133    i.I2C_WaitOnSTOPFlagUntilTimeout  stm32f7xx_hal_i2c.o
    0x080031b2   0x00000054   Code   RO         2134    i.I2C_WaitOnTXISFlagUntilTimeout  stm32f7xx_hal_i2c.o
    0x08003206   0x00000012   Code   RO          626    i.I2Cx_Error        stm32746g_discovery.o
    0x08003218   0x00000050   Code   RO          627    i.I2Cx_Init         stm32746g_discovery.o
    0x08003268   0x00000124   Code   RO          628    i.I2Cx_MspInit      stm32746g_discovery.o
    0x0800338c   0x0000002a   Code   RO          629    i.I2Cx_ReadMultiple  stm32746g_discovery.o
    0x080033b6   0x0000002a   Code   RO          630    i.I2Cx_WriteMultiple  stm32746g_discovery.o
    0x080033e0   0x0000000c   Code   RO          373    i.LDR_GetData       ldr.o
    0x080033ec   0x000001d0   Code   RO         2559    i.LTDC_SetConfig    stm32f7xx_hal_ltdc.o
    0x080035bc   0x00000014   Code   RO          322    i.MQ_GetData        mq135.o
    0x080035d0   0x00000074   Code   RO            7    i.MX_ADC_Init       main.o
    0x08003644   0x000000b0   Code   RO            8    i.MX_GPIO_Init      main.o
    0x080036f4   0x0000000c   Code   RO          278    i.Moisture_GetData  moisture.o
    0x08003700   0x00000024   Code   RO          210    i.Set_Pin_Input     dht.o
    0x08003724   0x00000026   Code   RO          211    i.Set_Pin_Output    dht.o
    0x0800374a   0x00000002   PAD
    0x0800374c   0x00000078   Code   RO            9    i.SystemClock_Config  main.o
    0x080037c4   0x00000054   Code   RO         3766    i.SystemInit        system_stm32f7xx.o
    0x08003818   0x00000004   Code   RO          631    i.TS_IO_Delay       stm32746g_discovery.o
    0x0800381c   0x0000000c   Code   RO          632    i.TS_IO_Init        stm32746g_discovery.o
    0x08003828   0x00000028   Code   RO          633    i.TS_IO_Read        stm32746g_discovery.o
    0x08003850   0x00000020   Code   RO          634    i.TS_IO_Write       stm32746g_discovery.o
    0x08003870   0x00000036   Code   RO         1121    i.Touch_GetState    touch_746g_discovery.o
    0x080038a6   0x00000018   Code   RO         1122    i.Touch_Initialize  touch_746g_discovery.o
    0x080038be   0x00000022   Code   RO         1732    i.__NVIC_SetPriority  stm32f7xx_hal_cortex.o
    0x080038e0   0x00000046   Code   RO         4897    i._init_box         RTX_CM4.lib(rt_membox.o)
    0x08003926   0x0000000e   Code   RO         5045    i._is_digit         c_w.l(__printf_wp.o)
    0x08003934   0x00000020   Code   RO         1156    i._mutex_acquire    rtx_conf_cm.o
    0x08003954   0x0000001c   Code   RO         1158    i._mutex_release    rtx_conf_cm.o
    0x08003970   0x00000130   Code   RO          407    i.allPage           glcd.o
    0x08003aa0   0x00000026   Code   RO          408    i.checkAndDisplayStatus  glcd.o
    0x08003ac6   0x00000002   PAD
    0x08003ac8   0x0000031c   Code   RO          409    i.dataPage          glcd.o
    0x08003de4   0x00000030   Code   RO         4950    i.dbg_init          RTX_CM4.lib(hal_cm.o)
    0x08003e14   0x00000020   Code   RO         4951    i.dbg_task_notify   RTX_CM4.lib(hal_cm.o)
    0x08003e34   0x00000010   Code   RO         4952    i.dbg_task_switch   RTX_CM4.lib(hal_cm.o)
    0x08003e44   0x0000008c   Code   RO          410    i.displayDHT        glcd.o
    0x08003ed0   0x00000054   Code   RO          411    i.displayLDR        glcd.o
    0x08003f24   0x00000048   Code   RO          412    i.displayMQ135      glcd.o
    0x08003f6c   0x000000a4   Code   RO          413    i.displayMoisture   glcd.o
    0x08004010   0x00000004   Code   RO          414    i.displayStatus     glcd.o
    0x08004014   0x00000018   Code   RO          506    i.ft5336_I2C_InitializeIfRequired  ft5336.o
    0x0800402c   0x00000010   Code   RO          507    i.ft5336_Init       ft5336.o
    0x0800403c   0x0000003a   Code   RO          508    i.ft5336_ReadID     ft5336.o
    0x08004076   0x00000002   Code   RO          509    i.ft5336_Reset      ft5336.o
    0x08004078   0x00000002   Code   RO          510    i.ft5336_TS_ClearIT  ft5336.o
    0x0800407a   0x00000002   PAD
    0x0800407c   0x00000040   Code   RO          511    i.ft5336_TS_DetectTouch  ft5336.o
    0x080040bc   0x0000000a   Code   RO          512    i.ft5336_TS_DisableIT  ft5336.o
    0x080040c6   0x0000000a   Code   RO          513    i.ft5336_TS_EnableIT  ft5336.o
    0x080040d0   0x0000001e   Code   RO          514    i.ft5336_TS_GetGestureID  ft5336.o
    0x080040ee   0x00000002   PAD
    0x080040f0   0x000000cc   Code   RO          515    i.ft5336_TS_GetTouchInfo  ft5336.o
    0x080041bc   0x00000120   Code   RO          516    i.ft5336_TS_GetXY   ft5336.o
    0x080042dc   0x00000004   Code   RO          517    i.ft5336_TS_ITStatus  ft5336.o
    0x080042e0   0x00000004   Code   RO          518    i.ft5336_TS_Start   ft5336.o
    0x080042e4   0x00000048   Code   RO          323    i.getMQ135PPM       mq135.o
    0x0800432c   0x0000002c   Code   RO          324    i.getMQ135Resistance  mq135.o
    0x08004358   0x0000009c   Code   RO          415    i.getTimeActive     glcd.o
    0x080043f4   0x0000003c   Code   RO           10    i.init_config       main.o
    0x08004430   0x0000002a   Code   RO         3803    i.isrMessageGet     RTX_CM4.lib(rt_cmsis.o)
    0x0800445a   0x0000002c   Code   RO         3804    i.isrMessagePut     RTX_CM4.lib(rt_cmsis.o)
    0x08004486   0x00000002   PAD
    0x08004488   0x00000056   Code   RO         4785    i.isr_mbx_receive   RTX_CM4.lib(rt_mailbox.o)
    0x080044de   0x0000000e   Code   RO         4786    i.isr_mbx_send      RTX_CM4.lib(rt_mailbox.o)
    0x080044ec   0x0000000a   Code   RO           11    i.main              main.o
    0x080044f6   0x00000014   Code   RO          279    i.map               moisture.o
    0x0800450a   0x00000002   PAD
    0x0800450c   0x00000060   Code   RO          325    i.my_pow            mq135.o
    0x0800456c   0x00000024   Code   RO         3808    i.osKernelInitialize  RTX_CM4.lib(rt_cmsis.o)
    0x08004590   0x0000006c   Code   RO         3810    i.osKernelStart     RTX_CM4.lib(rt_cmsis.o)
    0x080045fc   0x00000018   Code   RO         3819    i.osMessageGet      RTX_CM4.lib(rt_cmsis.o)
    0x08004614   0x0000002c   Code   RO         3836    i.osThreadCreate    RTX_CM4.lib(rt_cmsis.o)
    0x08004640   0x00000018   Code   RO         3837    i.osThreadExit      RTX_CM4.lib(rt_cmsis.o)
    0x08004658   0x0000000c   Code   RO         3843    i.osTimerCall       RTX_CM4.lib(rt_cmsis.o)
    0x08004664   0x0000002c   Code   RO         3848    i.osTimerThread     RTX_CM4.lib(rt_cmsis.o)
    0x08004690   0x00000002   Code   RO         1159    i.os_error          rtx_conf_cm.o
    0x08004692   0x00000002   Code   RO         1160    i.os_idle_demon     rtx_conf_cm.o
    0x08004694   0x00000028   Code   RO         4577    i.os_tick_init      RTX_CM4.lib(rt_system.o)
    0x080046bc   0x00000002   Code   RO         4578    i.os_tick_irqack    RTX_CM4.lib(rt_system.o)
    0x080046be   0x00000002   PAD
    0x080046c0   0x00000034   Code   RO          374    i.readLDR           ldr.o
    0x080046f4   0x00000034   Code   RO          326    i.readMQ135         mq135.o
    0x08004728   0x00000034   Code   RO          280    i.readMoisture      moisture.o
    0x0800475c   0x0000001c   Code   RO          281    i.readMoisturePercent  moisture.o
    0x08004778   0x0000006c   Code   RO          416    i.readyPage         glcd.o
    0x080047e4   0x0000001a   Code   RO         4898    i.rt_alloc_box      RTX_CM4.lib(rt_membox.o)
    0x080047fe   0x0000003e   Code   RO         4926    i.rt_alloc_mem      RTX_CM4.lib(rt_memory.o)
    0x0800483c   0x00000038   Code   RO         4425    i.rt_block          RTX_CM4.lib(rt_task.o)
    0x08004874   0x00000048   Code   RO         4875    i.rt_chk_robin      RTX_CM4.lib(rt_robin.o)
    0x080048bc   0x00000070   Code   RO         4709    i.rt_dec_dly        RTX_CM4.lib(rt_list.o)
    0x0800492c   0x00000044   Code   RO         4426    i.rt_dispatch       RTX_CM4.lib(rt_task.o)
    0x08004970   0x00000050   Code   RO         4670    i.rt_evt_psh        RTX_CM4.lib(rt_event.o)
    0x080049c0   0x0000002c   Code   RO         4899    i.rt_free_box       RTX_CM4.lib(rt_membox.o)
    0x080049ec   0x00000028   Code   RO         4927    i.rt_free_mem       RTX_CM4.lib(rt_memory.o)
    0x08004a14   0x00000028   Code   RO         4710    i.rt_get_first      RTX_CM4.lib(rt_list.o)
    0x08004a3c   0x00000008   Code   RO         3853    i.rt_id2obj         RTX_CM4.lib(rt_cmsis.o)
    0x08004a44   0x00000048   Code   RO         4427    i.rt_init_context   RTX_CM4.lib(rt_task.o)
    0x08004a8c   0x0000001a   Code   RO         4928    i.rt_init_mem       RTX_CM4.lib(rt_memory.o)
    0x08004aa6   0x00000002   PAD
    0x08004aa8   0x00000018   Code   RO         4876    i.rt_init_robin     RTX_CM4.lib(rt_robin.o)
    0x08004ac0   0x00000080   Code   RO         4953    i.rt_init_stack     RTX_CM4.lib(hal_cm.o)
    0x08004b40   0x00000008   Code   RO         4787    i.rt_mbx_check      RTX_CM4.lib(rt_mailbox.o)
    0x08004b48   0x0000001a   Code   RO         4788    i.rt_mbx_init       RTX_CM4.lib(rt_mailbox.o)
    0x08004b62   0x00000002   PAD
    0x08004b64   0x000000f0   Code   RO         4789    i.rt_mbx_psh        RTX_CM4.lib(rt_mailbox.o)
    0x08004c54   0x000000b4   Code   RO         4791    i.rt_mbx_wait       RTX_CM4.lib(rt_mailbox.o)
    0x08004d08   0x00000044   Code   RO         3854    i.rt_ms2tick        RTX_CM4.lib(rt_cmsis.o)
    0x08004d4c   0x000000d8   Code   RO         4544    i.rt_mut_release    RTX_CM4.lib(rt_mutex.o)
    0x08004e24   0x00000078   Code   RO         4545    i.rt_mut_wait       RTX_CM4.lib(rt_mutex.o)
    0x08004e9c   0x0000007c   Code   RO         4581    i.rt_pop_req        RTX_CM4.lib(rt_system.o)
    0x08004f18   0x00000020   Code   RO         4582    i.rt_psh_req        RTX_CM4.lib(rt_system.o)
    0x08004f38   0x0000005c   Code   RO         4712    i.rt_psq_enq        RTX_CM4.lib(rt_list.o)
    0x08004f94   0x00000048   Code   RO         4713    i.rt_put_dly        RTX_CM4.lib(rt_list.o)
    0x08004fdc   0x00000036   Code   RO         4714    i.rt_put_prio       RTX_CM4.lib(rt_list.o)
    0x08005012   0x00000002   PAD
    0x08005014   0x00000014   Code   RO         4715    i.rt_put_rdy_first  RTX_CM4.lib(rt_list.o)
    0x08005028   0x00000034   Code   RO         4716    i.rt_resort_prio    RTX_CM4.lib(rt_list.o)
    0x0800505c   0x00000010   Code   RO         4954    i.rt_ret_regs       RTX_CM4.lib(hal_cm.o)
    0x0800506c   0x0000000c   Code   RO         4955    i.rt_ret_val        RTX_CM4.lib(hal_cm.o)
    0x08005078   0x00000010   Code   RO         4956    i.rt_ret_val2       RTX_CM4.lib(hal_cm.o)
    0x08005088   0x00000028   Code   RO         4717    i.rt_rmv_dly        RTX_CM4.lib(rt_list.o)
    0x080050b0   0x00000030   Code   RO         4718    i.rt_rmv_list       RTX_CM4.lib(rt_list.o)
    0x080050e0   0x00000034   Code   RO         4836    i.rt_sem_psh        RTX_CM4.lib(rt_semaphore.o)
    0x08005114   0x00000024   Code   RO         4584    i.rt_stk_check      RTX_CM4.lib(rt_system.o)
    0x08005138   0x00000028   Code   RO         4428    i.rt_switch_req     RTX_CM4.lib(rt_task.o)
    0x08005160   0x000000cc   Code   RO         4429    i.rt_sys_init       RTX_CM4.lib(rt_task.o)
    0x0800522c   0x00000078   Code   RO         4430    i.rt_sys_start      RTX_CM4.lib(rt_task.o)
    0x080052a4   0x00000040   Code   RO         4586    i.rt_systick        RTX_CM4.lib(rt_system.o)
    0x080052e4   0x00000012   Code   RO         3855    i.rt_tid2ptcb       RTX_CM4.lib(rt_cmsis.o)
    0x080052f6   0x00000002   PAD
    0x080052f8   0x00000034   Code   RO         3856    i.rt_timer_insert   RTX_CM4.lib(rt_cmsis.o)
    0x0800532c   0x00000088   Code   RO         4431    i.rt_tsk_create     RTX_CM4.lib(rt_task.o)
    0x080053b4   0x0000017c   Code   RO         4432    i.rt_tsk_delete     RTX_CM4.lib(rt_task.o)
    0x08005530   0x0000007c   Code   RO         4434    i.rt_tsk_prio       RTX_CM4.lib(rt_task.o)
    0x080055ac   0x00000010   Code   RO         4435    i.rt_tsk_self       RTX_CM4.lib(rt_task.o)
    0x080055bc   0x00000204   Code   RO          417    i.settingsPage      glcd.o
    0x080057c0   0x00000070   Code   RO         3859    i.svcKernelInitialize  RTX_CM4.lib(rt_cmsis.o)
    0x08005830   0x00000048   Code   RO         3861    i.svcKernelStart    RTX_CM4.lib(rt_cmsis.o)
    0x08005878   0x00000024   Code   RO         3864    i.svcMessageCreate  RTX_CM4.lib(rt_cmsis.o)
    0x0800589c   0x0000003a   Code   RO         3865    i.svcMessageGet     RTX_CM4.lib(rt_cmsis.o)
    0x080058d6   0x00000002   PAD
    0x080058d8   0x0000006c   Code   RO         3879    i.svcThreadCreate   RTX_CM4.lib(rt_cmsis.o)
    0x08005944   0x0000001c   Code   RO         3880    i.svcThreadGetId    RTX_CM4.lib(rt_cmsis.o)
    0x08005960   0x00000038   Code   RO         3883    i.svcThreadTerminate  RTX_CM4.lib(rt_cmsis.o)
    0x08005998   0x00000018   Code   RO         3885    i.svcTimerCall      RTX_CM4.lib(rt_cmsis.o)
    0x080059b0   0x0000005c   Code   RO         3894    i.sysTimerTick      RTX_CM4.lib(rt_cmsis.o)
    0x08005a0c   0x00000030   Code   RO          418    i.warmUp            glcd.o
    0x08005a3c   0x00000062   Code   RO         5073    x$fpl$d2f           fz_wm.l(d2f.o)
    0x08005a9e   0x00000002   PAD
    0x08005aa0   0x000002b0   Code   RO         5076    x$fpl$ddiv          fz_wm.l(ddiv.o)
    0x08005d50   0x00000154   Code   RO         5079    x$fpl$dmul          fz_wm.l(dmul.o)
    0x08005ea4   0x0000009c   Code   RO         5099    x$fpl$dnaninf       fz_wm.l(dnaninf.o)
    0x08005f40   0x0000000c   Code   RO         5101    x$fpl$dretinf       fz_wm.l(dretinf.o)
    0x08005f4c   0x00000056   Code   RO         5081    x$fpl$f2d           fz_wm.l(f2d.o)
    0x08005fa2   0x0000008c   Code   RO         5103    x$fpl$fnaninf       fz_wm.l(fnaninf.o)
    0x0800602e   0x0000000a   Code   RO         5226    x$fpl$fpinit        fz_wm.l(fpinit.o)
    0x08006038   0x0000000a   Code   RO         5105    x$fpl$fretinf       fz_wm.l(fretinf.o)
    0x08006042   0x00000000   Code   RO         5107    x$fpl$usenofp       fz_wm.l(usenofp.o)
    0x08006042   0x00000380   Data   RO         1106    .constdata          glcd_fonts.o
    0x080063c2   0x00001500   Data   RO         1107    .constdata          glcd_fonts.o
    0x080078c2   0x00000002   PAD
    0x080078c4   0x00000010   Data   RO         1108    .constdata          glcd_fonts.o
    0x080078d4   0x00000010   Data   RO         1109    .constdata          glcd_fonts.o
    0x080078e4   0x00000002   Data   RO         1168    .constdata          rtx_conf_cm.o
    0x080078e6   0x00000002   PAD
    0x080078e8   0x00000004   Data   RO         1169    .constdata          rtx_conf_cm.o
    0x080078ec   0x00000004   Data   RO         1170    .constdata          rtx_conf_cm.o
    0x080078f0   0x00000004   Data   RO         1174    .constdata          rtx_conf_cm.o
    0x080078f4   0x00000001   Data   RO         1175    .constdata          rtx_conf_cm.o
    0x080078f5   0x00000003   PAD
    0x080078f8   0x00000010   Data   RO         1176    .constdata          rtx_conf_cm.o
    0x08007908   0x00000002   Data   RO         1177    .constdata          rtx_conf_cm.o
    0x0800790a   0x00000002   PAD
    0x0800790c   0x00000004   Data   RO         1178    .constdata          rtx_conf_cm.o
    0x08007910   0x00000004   Data   RO         1179    .constdata          rtx_conf_cm.o
    0x08007914   0x00000001   Data   RO         1180    .constdata          rtx_conf_cm.o
    0x08007915   0x00000003   PAD
    0x08007918   0x00000010   Data   RO         1181    .constdata          rtx_conf_cm.o
    0x08007928   0x00000008   Data   RO         1182    .constdata          rtx_conf_cm.o
    0x08007930   0x00000002   Data   RO         1183    .constdata          rtx_conf_cm.o
    0x08007932   0x00000002   PAD
    0x08007934   0x00000010   Data   RO         1184    .constdata          rtx_conf_cm.o
    0x08007944   0x00000008   Data   RO         1864    .constdata          stm32f7xx_hal_dma.o
    0x0800794c   0x00000010   Data   RO         3767    .constdata          system_stm32f7xx.o
    0x0800795c   0x00000011   Data   RO         5048    .constdata          c_w.l(__printf_flags_wp.o)
    0x0800796d   0x00000003   PAD
    0x08007970   0x00000020   Data   RO         5260    Region$$Table       anon$$obj.o


    Execution Region ER_RW (Base: 0x20010000, Size: 0x000000b8, Max: 0xffffffff, ABSOLUTE)

    Base Addr    Size         Type   Attr      Idx    E Section Name        Object

    0x20010000   0x00000001   Data   RW           15    .data               main.o
    0x20010001   0x00000001   PAD
    0x20010002   0x00000008   Data   RW          212    .data               dht.o
    0x2001000a   0x00000002   PAD
    0x2001000c   0x00000022   Data   RW          420    .data               glcd.o
    0x2001002e   0x00000002   PAD
    0x20010030   0x00000028   Data   RW          519    .data               ft5336.o
    0x20010058   0x00000005   Data   RW          520    .data               ft5336.o
    0x2001005d   0x00000002   Data   RW          832    .data               stm32746g_discovery_sdram.o
    0x2001005f   0x00000001   PAD
    0x20010060   0x0000000c   Data   RW          915    .data               stm32746g_discovery_ts.o
    0x2001006c   0x00000008   Data   RW         1005    .data               glcd_746g_discovery.o
    0x20010074   0x00000004   Data   RW         1186    .data               rtx_conf_cm.o
    0x20010078   0x00000004   Data   RW         1187    .data               rtx_conf_cm.o
    0x2001007c   0x00000004   Data   RW         1188    .data               rtx_conf_cm.o
    0x20010080   0x0000000c   Data   RW         1273    .data               stm32f7xx_hal.o
    0x2001008c   0x00000004   Data   RW         3769    .data               system_stm32f7xx.o
    0x20010090   0x00000008   Data   RW         3897    .data               RTX_CM4.lib(rt_cmsis.o)
    0x20010098   0x00000008   Data   RW         4437    .data               RTX_CM4.lib(rt_task.o)
    0x200100a0   0x00000004   Data   RW         4513    .data               RTX_CM4.lib(rt_time.o)
    0x200100a4   0x00000008   Data   RW         4589    .data               RTX_CM4.lib(rt_system.o)
    0x200100ac   0x00000008   Data   RW         4877    .data               RTX_CM4.lib(rt_robin.o)
    0x200100b4   0x00000001   Data   RW         4957    .data               RTX_CM4.lib(hal_cm.o)


    Execution Region ER_ZI (Base: 0x200100b8, Size: 0x00001360, Max: 0xffffffff, ABSOLUTE)

    Base Addr    Size         Type   Attr      Idx    E Section Name        Object

    0x200100b8   0x000000d8   Zero   RW           13    .bss                main.o
    0x20010190   0x00000080   Zero   RW           14    .bss                main.o
    0x20010210   0x00000009   Zero   RW          419    .bss                glcd.o
    0x20010219   0x00000003   PAD
    0x2001021c   0x00000098   Zero   RW          635    .bss                stm32746g_discovery.o
    0x200102b4   0x00000120   Zero   RW          831    .bss                stm32746g_discovery_sdram.o
    0x200103d4   0x00000028   Zero   RW          914    .bss                stm32746g_discovery_ts.o
    0x200103fc   0x000000a8   Zero   RW         1004    .bss                glcd_746g_discovery.o
    0x200104a4   0x00000020   Zero   RW         1161    .bss                rtx_conf_cm.o
    0x200104c4   0x00000178   Zero   RW         1162    .bss                rtx_conf_cm.o
    0x2001063c   0x00000004   PAD
    0x20010640   0x000004c0   Zero   RW         1163    .bss                rtx_conf_cm.o
    0x20010b00   0x000001b0   Zero   RW         1164    .bss                rtx_conf_cm.o
    0x20010cb0   0x00000084   Zero   RW         1165    .bss                rtx_conf_cm.o
    0x20010d34   0x0000001c   Zero   RW         1166    .bss                rtx_conf_cm.o
    0x20010d50   0x00000034   Zero   RW         4436    .bss                RTX_CM4.lib(rt_task.o)
    0x20010d84   0x00000030   Zero   RW         4719    .bss                RTX_CM4.lib(rt_list.o)
    0x20010db4   0x00000060   Zero   RW         5019    .bss                c_w.l(libspace.o)
    0x20010e14   0x00000004   PAD
    0x20010e18   0x00000200   Zero   RW         3756    HEAP                startup_stm32f746xx.o
    0x20011018   0x00000400   Zero   RW         3755    STACK               startup_stm32f746xx.o



  Load Region LR$$.ARM.__AT_0xC0000000 (Base: 0xc0000000, Size: 0x00000000, Max: 0x0003fc00, ABSOLUTE)

    Execution Region ER$$.ARM.__AT_0xC0000000 (Base: 0xc0000000, Size: 0x0003fc00, Max: 0x0003fc00, ABSOLUTE, UNINIT)

    Base Addr    Size         Type   Attr      Idx    E Section Name        Object

    0xc0000000   0x0003fc00   Zero   RW         1003    .ARM.__AT_0xC0000000  glcd_746g_discovery.o


==============================================================================

Image component sizes


      Code (inc. data)   RO Data    RW Data    ZI Data      Debug   Object Name

       486         38          0          8          0       5189   dht.o
       716         38          0         45          0      16571   ft5336.o
      2610        872          0         34          9       9061   glcd.o
       856         88          0          8     261288       9591   glcd_746g_discovery.o
         0          0       6304          0          0        792   glcd_fonts.o
        64          6          0          0          0       1376   ldr.o
       526         62          0          1        344     824573   main.o
       112          4          0          0          0       2676   moisture.o
       284         30          0          0          0       3217   mq135.o
        92         26         84         12       2216       9099   rtx_conf_cm.o
        64         26        456          0       1536        836   startup_stm32f746xx.o
       562         60          0          0        152       8132   stm32746g_discovery.o
       620         56          0          2        288       4652   stm32746g_discovery_sdram.o
       520         22          0         12         40       5994   stm32746g_discovery_ts.o
       146         18          0         12          0       3679   stm32f7xx_hal.o
      1100         46          0          0          0       6064   stm32f7xx_hal_adc.o
       234         22          0          0          0      40614   stm32f7xx_hal_cortex.o
       450         12          8          0          0       3936   stm32f7xx_hal_dma.o
       516         60          0          0          0       4098   stm32f7xx_hal_gpio.o
      1646         36          0          0          0      15192   stm32f7xx_hal_i2c.o
       804          4          0          0          0       3854   stm32f7xx_hal_ltdc.o
      1236         50          0          0          0       4642   stm32f7xx_hal_rcc.o
      1276         16          0          0          0       2404   stm32f7xx_hal_rcc_ex.o
       150          0          0          0          0       3500   stm32f7xx_hal_sdram.o
       278          6          0          0          0       3620   stm32f7xx_ll_fmc.o
        84         16         16          4          0       1339   system_stm32f7xx.o
        78          0          0          0          0       2048   touch_746g_discovery.o

    ----------------------------------------------------------------------
     15532       1614       6914        144     265880     996749   Object Totals
         0          0         32          0          0          0   (incl. Generated)
        22          0         14          6          7          0   (incl. Padding)

    ----------------------------------------------------------------------

      Code (inc. data)   RO Data    RW Data    ZI Data      Debug   Library Member Name

       268         24          0          1          0       4472   hal_cm.o
       408         34          0          0          0        816   hal_cm4.o
      1110        138          0          8          0      34689   rt_cmsis.o
        80          4          0          0          0        701   rt_event.o
       530         34          0          0         48       8601   rt_list.o
       554         10          0          0          0       4189   rt_mailbox.o
       140          0          0          0          0       2045   rt_membox.o
       128          0          0          0          0       2419   rt_memory.o
       336         14          0          0          0       1727   rt_mutex.o
        96         22          0          8          0       1230   rt_robin.o
        52          4          0          0          0        613   rt_semaphore.o
       298         52          0          8          0       6439   rt_system.o
      1216        174          0          8         52      10045   rt_task.o
         0          0          0          4          0        210   rt_time.o
         4          4          0          0          0        200   svc_table.o
         8          0          0          0          0         68   __main.o
       312          4         17          0          0         92   __printf_flags_wp.o
        14          0          0          0          0         68   __printf_wp.o
         0          0          0          0          0          0   __rtentry.o
        20          0          0          0          0          0   __rtentry2.o
         6          0          0          0          0          0   __rtentry4.o
        52          8          0          0          0          0   __scatter.o
        26          0          0          0          0          0   __scatter_copy.o
        28          0          0          0          0          0   __scatter_zi.o
        44          0          0          0          0        108   _printf_char.o
        48          6          0          0          0         96   _printf_char_common.o
         6          0          0          0          0          0   _printf_d.o
       120         16          0          0          0         92   _printf_dec.o
         6          0          0          0          0          0   _printf_i.o
       178          0          0          0          0         88   _printf_intcommon.o
        78          0          0          0          0        108   _printf_pad.o
         0          0          0          0          0          0   _printf_percent.o
         4          0          0          0          0          0   _printf_percent_end.o
         6          0          0          0          0          0   _printf_s.o
        82          0          0          0          0         80   _printf_str.o
        10          0          0          0          0         68   _sputc.o
        18          0          0          0          0         80   exit.o
         6          0          0          0          0        152   heapauxi.o
         0          0          0          0          0          0   indicate_semi.o
         2          0          0          0          0          0   libinit.o
         6          0          0          0          0          0   libinit2.o
         2          0          0          0          0          0   libshutdown.o
         2          0          0          0          0          0   libshutdown2.o
         8          4          0          0         96         68   libspace.o
       238          0          0          0          0        100   lludivv7m.o
        40          6          0          0          0         84   noretval__2sprintf.o
        78          0          0          0          0         80   rt_memclr_w.o
       100          0          0          0          0         80   rt_memcpy_w.o
         2          0          0          0          0          0   rtexit.o
        10          0          0          0          0          0   rtexit2.o
        72          0          0          0          0         80   strcpy.o
       150          0          0          0          0         80   strncmp.o
        12          4          0          0          0         68   sys_exit.o
        74          0          0          0          0         80   sys_stackheap_outer.o
         2          0          0          0          0         68   use_no_semi.o
        98          4          0          0          0        140   d2f.o
       688        140          0          0          0        256   ddiv.o
       340         12          0          0          0        152   dmul.o
       156          4          0          0          0        140   dnaninf.o
        12          0          0          0          0        116   dretinf.o
        86          4          0          0          0        132   f2d.o
       140          4          0          0          0        132   fnaninf.o
        10          0          0          0          0        116   fpinit.o
        10          0          0          0          0        116   fretinf.o
         0          0          0          0          0          0   usenofp.o

    ----------------------------------------------------------------------
      8654        730         20         40        200      81584   Library Totals
        24          0          3          3          4          0   (incl. Padding)

    ----------------------------------------------------------------------

      Code (inc. data)   RO Data    RW Data    ZI Data      Debug   Library Name

      5220        514          0         37        100      78396   RTX_CM4.lib
      1870         48         17          0         96       1888   c_w.l
      1540        168          0          0          0       1300   fz_wm.l

    ----------------------------------------------------------------------
      8654        730         20         40        200      81584   Library Totals

    ----------------------------------------------------------------------

==============================================================================


      Code (inc. data)   RO Data    RW Data    ZI Data      Debug   

     24186       2344       6934        184     266080    1055697   Grand Totals
     24186       2344       6934        184     266080    1055697   ELF Image Totals
     24186       2344       6934        184          0          0   ROM Totals

==============================================================================

    Total RO  Size (Code + RO Data)                31120 (  30.39kB)
    Total RW  Size (RW Data + ZI Data)            266264 ( 260.02kB)
    Total ROM Size (Code + RO Data + RW Data)      31304 (  30.57kB)

==============================================================================

